#
# A fatal error has been detected by the Java Runtime Environment:
#
#  EXCEPTION_ACCESS_VIOLATION (0xc0000005) at pc=0x00007ffa62759052, pid=55104, tid=65068
#
# JRE version: OpenJDK Runtime Environment Temurin-23.0.1+11 (23.0.1+11) (build 23.0.1+11)
# Java VM: OpenJDK 64-Bit Server VM Temurin-23.0.1+11 (23.0.1+11, mixed mode, sharing, tiered, compressed oops, compressed class ptrs, g1 gc, windows-amd64)
# Problematic frame:
# V  [jvm.dll+0x449052]
#
# No core dump will be written. Minidumps are not enabled by default on client versions of Windows
#
# If you would like to submit a bug report, please visit:
#   https://github.com/adoptium/adoptium-support/issues
#

---------------  S U M M A R Y ------------

Command Line: -Dfile.encoding=UTF-8 -Dstdout.encoding=UTF-8 -Dstderr.encoding=UTF-8 -XX:+ShowCodeDetailsInExceptionMessages Launcher

Host: 13th Gen Intel(R) Core(TM) i7-13700KF, 24 cores, 63G,  Windows 11 , 64 bit Build 26100 (10.0.26100.7705)
Time: Sun Mar  8 09:50:40 2026 W. Europe Standard Time elapsed time: 0.876803 seconds (0d 0h 0m 0s)

---------------  T H R E A D  ---------------

Current thread (0x0000017156a53960):  JavaThread "WindowsNativeRunloopThread"        [_thread_in_vm, id=65068, stack(0x0000003e6c100000,0x0000003e6c200000) (1024K)]

Stack: [0x0000003e6c100000,0x0000003e6c200000],  sp=0x0000003e6c1ff3c0,  free space=1020k
Native frames: (J=compiled Java code, j=interpreted, Vv=VM code, C=native code)
V  [jvm.dll+0x449052]  (no source info available)
C  [glass.dll+0x50cc]  (no source info available)
C  [glass.dll+0xa7c6]  (no source info available)
C  0x0000017174dbd207  (no source info available)

The last pc belongs to native method entry point (kind = native) (printed below).
Java frames: (J=compiled Java code, j=interpreted, Vv=VM code)
j  com.sun.glass.ui.win.WinApplication._runLoop(Ljava/lang/Runnable;)V+0
j  com.sun.glass.ui.win.WinApplication.lambda$runLoop$0(ILjava/lang/Runnable;)V+8
j  com.sun.glass.ui.win.WinApplication$$Lambda+0x00000171160329f0.run()V+12
j  java.lang.Thread.runWith(Ljava/lang/Object;Ljava/lang/Runnable;)V+5 java.base@23.0.1
j  java.lang.Thread.run()V+19 java.base@23.0.1
v  ~StubRoutines::call_stub 0x0000017174db0fcd

siginfo: EXCEPTION_ACCESS_VIOLATION (0xc0000005), reading address 0x0000000000000000


Registers:
RAX=0x0000000000000000, RBX=0x0000017156a53960, RCX=0x0000017156a53d20, RDX=0x0000003e6c1ff5a8
RSP=0x0000003e6c1ff3c0, RBP=0x0000003e6c1ff4c8, RSI=0x0000000000000000, RDI=0x0000017156a53d20
R8 =0x0000000000000000, R9 =0x0000003e6c1ff4c8, R10=0x0000000000000000, R11=0x0000003e6c1ff478
R12=0x0000000000000000, R13=0x0000017157507ce8, R14=0x0000003e6c1ff5a8, R15=0x0000017156a53960
RIP=0x00007ffa62759052, EFLAGS=0x0000000000010246


Register to memory mapping:

RAX=0x0 is null
RBX=0x0000017156a53960 is a thread
RCX=0x0000017156a53d20 points into unknown readable memory: 0x00007ffa62f69fa0 | a0 9f f6 62 fa 7f 00 00
RDX=0x0000003e6c1ff5a8 is pointing into the stack for thread: 0x0000017156a53960
RSP=0x0000003e6c1ff3c0 is pointing into the stack for thread: 0x0000017156a53960
RBP=0x0000003e6c1ff4c8 is pointing into the stack for thread: 0x0000017156a53960
RSI=0x0 is null
RDI=0x0000017156a53d20 points into unknown readable memory: 0x00007ffa62f69fa0 | a0 9f f6 62 fa 7f 00 00
R8 =0x0 is null
R9 =0x0000003e6c1ff4c8 is pointing into the stack for thread: 0x0000017156a53960
R10=0x0 is null
R11=0x0000003e6c1ff478 is pointing into the stack for thread: 0x0000017156a53960
R12=0x0 is null
R13={method} {0x0000017157507cf0} '_runLoop' '(Ljava/lang/Runnable;)V' in 'com/sun/glass/ui/win/WinApplication'
R14=0x0000003e6c1ff5a8 is pointing into the stack for thread: 0x0000017156a53960
R15=0x0000017156a53960 is a thread

Top of Stack: (sp=0x0000003e6c1ff3c0)
0x0000003e6c1ff3c0:   00007ffb7e5005e0 00007ffb81082f11
0x0000003e6c1ff3d0:   0000000000000004 0000017100000000
0x0000003e6c1ff3e0:   0000000000000000 0000003e6c1ff3f8
0x0000003e6c1ff3f0:   0000000000000000 00007ffb81082f11
0x0000003e6c1ff400:   00007ffb806a7590 0000000000000000
0x0000003e6c1ff410:   0000017156a53960 0000000000000000
0x0000003e6c1ff420:   0000017156a51590 00007ffb80c40e9c
0x0000003e6c1ff430:   0000000000000000 00007ffb806ca660
0x0000003e6c1ff440:   0000017156a51590 00007ffb7f4155df
0x0000003e6c1ff450:   0000017156a53960 0000000000000001
0x0000003e6c1ff460:   0000017156a53960 0000003e6c1ff5b0
0x0000003e6c1ff470:   0000017156a53d20 00007ffb232d50cc
0x0000003e6c1ff480:   0000000000000000 0000003e6c1ff588
0x0000003e6c1ff490:   0000003e6c1ff5a8 0000017156a51590
0x0000003e6c1ff4a0:   0000003e6c1ff5b0 00007ffb232da7c6
0x0000003e6c1ff4b0:   0000017157507ce8 0000003e6c1ff588
0x0000003e6c1ff4c0:   0000000000000000 0000000000000000
0x0000003e6c1ff4d0:   0000017174db87f6 0000017174dbd078
0x0000003e6c1ff4e0:   0000017157507ce8 0000017157507ce8
0x0000003e6c1ff4f0:   0000017157507ce8 0000003e6c1ff5b0
0x0000003e6c1ff500:   0000017174db87f6 0000017174dbd207
0x0000003e6c1ff510:   0000017157507ce8 0000003e6c1ffae0
0x0000003e6c1ff520:   3ff0000000000000 0000017156a53960
0x0000003e6c1ff530:   0000003e6c1ffae0 0000017174dbce9b
0x0000003e6c1ff540:   fffffffffffffff7 0000017157507ce8
0x0000003e6c1ff550:   0000000000000005 000001715752f8e0
0x0000003e6c1ff560:   0000000000000000 00000004419200b8
0x0000003e6c1ff570:   0000017157507ce8 0000000000000000
0x0000003e6c1ff580:   0000003e6c1ff5a8 0000003e6c1ff600
0x0000003e6c1ff590:   0000017174db8700 0000000000000000
0x0000003e6c1ff5a0:   0000017174dba5d7 0000000441995b50
0x0000003e6c1ff5b0:   0000000441991310 fffffffffffffff7 

Instructions: (pc=0x00007ffa62759052)
0x00007ffa62758f52:   ff 48 8b 4b 08 48 8b 43 10 48 89 41 10 48 8b 4b
0x00007ffa62758f62:   08 48 8b 43 18 48 89 41 18 48 8b 4b 08 48 8b 43
0x00007ffa62758f72:   20 48 89 41 20 48 8d 8f a0 03 00 00 e8 fd 38 ed
0x00007ffa62758f82:   ff 90 c7 87 44 04 00 00 04 00 00 00 48 81 c4 b8
0x00007ffa62758f92:   00 00 00 41 5f 41 5e 5f 5e 5d 5b c3 cc cc 48 89
0x00007ffa62758fa2:   5c 24 08 48 89 6c 24 10 48 89 74 24 18 57 41 56
0x00007ffa62758fb2:   41 57 48 81 ec a0 00 00 00 8b 81 a8 00 00 00 48
0x00007ffa62758fc2:   8d 99 40 fc ff ff 05 53 21 ff ff 49 8b e9 49 8b
0x00007ffa62758fd2:   f0 4c 8b f2 48 8b f9 83 f8 01 77 08 48 8b cb e8
0x00007ffa62758fe2:   7a 7e fa ff 80 3d 34 a1 87 00 00 c7 83 44 04 00
0x00007ffa62758ff2:   00 06 00 00 00 75 06 e8 f2 f8 28 00 90 48 8b 83
0x00007ffa62759002:   48 04 00 00 a8 01 74 0d 45 33 c0 b2 01 48 8b cb
0x00007ffa62759012:   e8 e9 2e 30 00 8b 83 40 04 00 00 a8 0c 74 08 48
0x00007ffa62759022:   8b cb e8 17 95 fa ff c7 83 44 04 00 00 06 00 00
0x00007ffa62759032:   00 48 83 7b 08 00 48 89 5c 24 50 48 c7 44 24 58
0x00007ffa62759042:   00 00 00 00 74 0a 48 8d 4c 24 50 e8 3e cc 2c 00
0x00007ffa62759052:   48 8b 16 48 8d 4c 24 70 c6 44 24 40 0e e8 cc 0e
0x00007ffa62759062:   01 00 48 8d 44 24 70 48 89 5c 24 30 48 89 44 24
0x00007ffa62759072:   28 4c 8d 3d 3e 6b 62 00 41 b9 01 00 00 00 48 89
0x00007ffa62759082:   74 24 20 4d 8b c6 4c 89 7c 24 70 48 8d 54 24 40
0x00007ffa62759092:   48 89 ac 24 98 00 00 00 48 8b cf e8 9e 1c 01 00
0x00007ffa627590a2:   48 83 7c 24 58 00 4c 89 7c 24 70 48 c7 84 24 98
0x00007ffa627590b2:   00 00 00 00 00 00 00 74 0a 48 8d 4c 24 50 e8 4b
0x00007ffa627590c2:   cc 2c 00 48 8b bb 98 01 00 00 48 8b 47 10 48 83
0x00007ffa627590d2:   38 00 74 08 48 8b cf e8 62 06 f6 ff 48 8b 4f 08
0x00007ffa627590e2:   48 8b 47 10 48 89 41 10 48 8b 4f 08 48 8b 47 18
0x00007ffa627590f2:   48 89 41 18 48 8b 4f 08 48 8b 47 20 48 89 41 20
0x00007ffa62759102:   48 8d 8b a0 03 00 00 e8 72 37 ed ff 4c 8d 9c 24
0x00007ffa62759112:   a0 00 00 00 90 49 8b 6b 28 49 8b 73 30 c7 83 44
0x00007ffa62759122:   04 00 00 04 00 00 00 49 8b 5b 20 49 8b e3 41 5f
0x00007ffa62759132:   41 5e 5f c3 cc cc cc cc cc cc cc cc cc cc 48 89
0x00007ffa62759142:   5c 24 08 48 89 6c 24 10 48 89 74 24 18 48 89 7c 


Stack slot to memory mapping:

stack at sp + 0 slots: 0x00007ffb7e5005e0 KERNELBASE.dll
stack at sp + 1 slots: 0x00007ffb81082f11 ntdll.dll
stack at sp + 2 slots: 0x0000000000000004 is an unknown value
stack at sp + 3 slots: 0x0000017100000000 points into unknown readable memory: 0xffffffffffffffff | ff ff ff ff ff ff ff ff
stack at sp + 4 slots: 0x0 is null
stack at sp + 5 slots: 0x0000003e6c1ff3f8 is pointing into the stack for thread: 0x0000017156a53960
stack at sp + 6 slots: 0x0 is null
stack at sp + 7 slots: 0x00007ffb81082f11 ntdll.dll

Lock stack of current Java thread (top to bottom):

native method entry point (kind = native)  [0x0000017174dbcde0, 0x0000017174dbd938]  2904 bytes
[MachCode]
  0x0000017174dbcde0: 488b 4b08 | 0fb7 492e | 584c 8d74 | ccf8 6800 | 0000 0068 | 0000 0000 | 5055 488b | ec41 5568 
  0x0000017174dbce00: 0000 0000 | 4c8b 6b08 | 4d8d 6d38 | 5348 8b53 | 0848 8b52 | 0848 8b52 | 1848 8b52 | 7048 8b12 
  0x0000017174dbce20: 5248 8b53 | 1048 85d2 | 0f84 0700 | 0000 4881 | c210 0100 | 0052 488b | 5308 488b | 5208 488b 
  0x0000017174dbce40: 5210 5249 | 8bc6 482b | c548 c1e8 | 0350 6800 | 0000 0068 | f7ff ffff | 41c6 8771 | 0400 0001 
  0x0000017174dbce60: 488b 4310 | 4885 c074 | 208b 88cc | 0000 0083 | c102 8988 | cc00 0000 | 2388 e000 | 0000 0f84 
  0x0000017174dbce80: 000a 0000 | e9cf 0000 | 0048 8b43 | 1848 85c0 | 0f85 b000 | 0000 e805 | 0000 00e9 | 9900 0000 
  0x0000017174dbcea0: 488b d348 | 8d44 2408 | 4c89 6dc0 | 498b cfc5 | f877 4989 | afb0 0300 | 0049 8987 | a003 0000 
  0x0000017174dbcec0: 4883 ec20 | 40f6 c40f | 0f84 1900 | 0000 4883 | ec08 48b8 | 608d 6e62 | fa7f 0000 | ffd0 4883 
  0x0000017174dbcee0: c408 e90c | 0000 0048 | b860 8d6e | 62fa 7f00 | 00ff d048 | 83c4 2049 | c787 a003 | 0000 0000 
  0x0000017174dbcf00: 0000 49c7 | 87b0 0300 | 0000 0000 | 0049 c787 | a803 0000 | 0000 0000 | c5f8 7749 | 837f 0800 
  0x0000017174dbcf20: 0f84 0500 | 0000 e995 | 3fff ff4c | 8b6d c04c | 8b75 c84e | 8d74 f500 | c348 8b43 | 1848 85c0 
  0x0000017174dbcf40: 0f84 1200 | 0000 8b48 | 0883 c102 | 8948 0823 | 481c 0f84 | 2c09 0000 | 493b a7e8 | 0400 000f 
  0x0000017174dbcf60: 8748 0000 | 0089 8424 | 00f0 ffff | 8984 2400 | e0ff ff89 | 8424 00d0 | ffff 8984 | 2400 c0ff 
  0x0000017174dbcf80: ff89 8424 | 00b0 ffff | 8984 2400 | a0ff ff89 | 8424 0090 | ffff 8984 | 2400 80ff | ff49 3ba7 
  0x0000017174dbcfa0: e004 0000 | 7607 4989 | a7e8 0400 | 0041 c687 | 7104 0000 | 0049 ba91 | 31fd 62fa | 7f00 0041 
  0x0000017174dbcfc0: 803a 000f | 843e 0000 | 0048 8b55 | e849 8bcf | 4883 ec20 | 40f6 c40f | 0f84 1900 | 0000 4883 
  0x0000017174dbcfe0: ec08 48b8 | 807e a662 | fa7f 0000 | ffd0 4883 | c408 e90c | 0000 0048 | b880 7ea6 | 62fa 7f00 
  0x0000017174dbd000: 00ff d048 | 83c4 2048 | 8b5d e84c | 8b5b 0845 | 0fb7 5b2e | 41c1 e303 | 492b e348 | 83ec 2048 
  0x0000017174dbd020: 83e4 f04c | 8b5b 604d | 85db 0f85 | ab00 0000 | e805 0000 | 00e9 9900 | 0000 488b | d348 8d44 
  0x0000017174dbd040: 2408 4c89 | 6dc0 498b | cfc5 f877 | 4989 afb0 | 0300 0049 | 8987 a003 | 0000 4883 | ec20 40f6 
  0x0000017174dbd060: c40f 0f84 | 1900 0000 | 4883 ec08 | 48b8 c0b4 | 6e62 fa7f | 0000 ffd0 | 4883 c408 | e90c 0000 
  0x0000017174dbd080: 0048 b8c0 | b46e 62fa | 7f00 00ff | d048 83c4 | 2049 c787 | a003 0000 | 0000 0000 | 49c7 87b0 
  0x0000017174dbd0a0: 0300 0000 | 0000 0049 | c787 a803 | 0000 0000 | 0000 c5f8 | 7749 837f | 0800 0f84 | 0500 0000 
  0x0000017174dbd0c0: e9fb 3dff | ff4c 8b6d | c04c 8b75 | c84e 8d74 | f500 c348 | 8b5d e84c | 8b5b 6041 | ffd3 488b 
  0x0000017174dbd0e0: 5de8 4889 | 4518 448b | 5b28 41f6 | c308 0f84 | 1b00 0000 | 4c8b 5b08 | 4d8b 5b08 | 4d8b 5b18 
  0x0000017174dbd100: 4d8b 5b70 | 4d8b 1b4c | 895d 1048 | 8d55 1048 | 8b43 5849 | bae0 cba6 | 62fa 7f00 | 0049 3bc2 
  0x0000017174dbd120: 0f85 ab00 | 0000 e805 | 0000 00e9 | 9900 0000 | 488b d348 | 8d44 2408 | 4c89 6dc0 | 498b cfc5 
  0x0000017174dbd140: f877 4989 | afb0 0300 | 0049 8987 | a003 0000 | 4883 ec20 | 40f6 c40f | 0f84 1900 | 0000 4883 
  0x0000017174dbd160: ec08 48b8 | c0b4 6e62 | fa7f 0000 | ffd0 4883 | c408 e90c | 0000 0048 | b8c0 b46e | 62fa 7f00 
  0x0000017174dbd180: 00ff d048 | 83c4 2049 | c787 a003 | 0000 0000 | 0000 49c7 | 87b0 0300 | 0000 0000 | 0049 c787 
  0x0000017174dbd1a0: a803 0000 | 0000 0000 | c5f8 7749 | 837f 0800 | 0f84 0500 | 0000 e905 | 3dff ff4c | 8b6d c04c 
  0x0000017174dbd1c0: 8b75 c84e | 8d74 f500 | c348 8b5d | e848 8b43 | 5849 8d8f | c003 0000 | c5f8 7749 | 89af b003 
  0x0000017174dbd1e0: 0000 49ba | d8d1 db74 | 7101 0000 | 4d89 97a8 | 0300 0049 | 89a7 a003 | 0000 41c7 | 8744 0400 
  0x0000017174dbd200: 0004 0000 | 00ff d0c5 | f877 4883 | ec10 c5fb | 1104 2448 | 83ec 1048 | 8904 2448 | c744 2408 
  0x0000017174dbd220: 0000 0000 | 41c7 8744 | 0400 0005 | 0000 00f0 | 8344 24c0 | 0049 3baf | 4804 0000 | 0f87 0e00 
  0x0000017174dbd240: 0000 4183 | bf40 0400 | 0000 0f84 | 2000 0000 | 498b cf4c | 8be4 4883 | ec20 4883 | e4f0 48b8 
  0x0000017174dbd260: 6010 7062 | fa7f 0000 | ffd0 498b | e44d 33e4 | 41c7 8744 | 0400 0008 | 0000 0049 | c787 a003 
  0x0000017174dbd280: 0000 0000 | 0000 49c7 | 87b0 0300 | 0000 0000 | 0049 c787 | a803 0000 | 0000 0000 | c5f8 774d 
  0x0000017174dbd2a0: 8b9f 3004 | 0000 41c7 | 8300 0100 | 0000 0000 | 0049 bbda | a5db 7471 | 0100 004c | 3b5d 180f 
  0x0000017174dbd2c0: 8524 0200 | 0048 8b04 | 2448 83c4 | 1048 85c0 | 0f84 fe01 | 0000 a803 | 0f85 0800 | 0000 488b 
  0x0000017174dbd2e0: 00e9 ee01 | 0000 a801 | 0f85 0900 | 0000 488b | 40fe e9dd | 0100 0048 | 8b40 ff41 | 807f 3800 
  0x0000017174dbd300: 0f84 ce01 | 0000 4883 | f800 0f84 | c401 0000 | 4d8b 5f28 | 4983 fb00 | 0f84 1400 | 0000 4983 
  0x0000017174dbd320: eb08 4d89 | 5f28 4d03 | 5f30 4989 | 03e9 a201 | 0000 4881 | ecd0 0000 | 0048 8904 | 2448 894c 
  0x0000017174dbd340: 2408 4889 | 5424 1048 | 8974 2418 | 4889 7c24 | 204c 8944 | 2428 4c89 | 4c24 304c | 8954 2438 
  0x0000017174dbd360: 4c89 5c24 | 40c5 fb11 | 4424 50c5 | fb11 4c24 | 58c5 fb11 | 5424 60c5 | fb11 5c24 | 68c5 fb11 
  0x0000017174dbd380: 6424 70c5 | fb11 6c24 | 78c5 fb11 | b424 8000 | 0000 c5fb | 11bc 2488 | 0000 00c5 | 7b11 8424 
  0x0000017174dbd3a0: 9000 0000 | c57b 118c | 2498 0000 | 00c5 7b11 | 9424 a000 | 0000 c57b | 119c 24a8 | 0000 00c5 
  0x0000017174dbd3c0: 7b11 a424 | b000 0000 | c57b 11ac | 24b8 0000 | 00c5 7b11 | b424 c000 | 0000 c57b | 11bc 24c8 
  0x0000017174dbd3e0: 0000 0049 | 8bd7 488b | c848 83ec | 2040 f6c4 | 0f0f 8419 | 0000 0048 | 83ec 0848 | b8b0 7963 
  0x0000017174dbd400: 62fa 7f00 | 00ff d048 | 83c4 08e9 | 0c00 0000 | 48b8 b079 | 6362 fa7f | 0000 ffd0 | 4883 c420 
  0x0000017174dbd420: c57b 10bc | 24c8 0000 | 00c5 7b10 | b424 c000 | 0000 c57b | 10ac 24b8 | 0000 00c5 | 7b10 a424 
  0x0000017174dbd440: b000 0000 | c57b 109c | 24a8 0000 | 00c5 7b10 | 9424 a000 | 0000 c57b | 108c 2498 | 0000 00c5 
  0x0000017174dbd460: 7b10 8424 | 9000 0000 | c5fb 10bc | 2488 0000 | 00c5 fb10 | b424 8000 | 0000 c5fb | 106c 2478 
  0x0000017174dbd480: c5fb 1064 | 2470 c5fb | 105c 2468 | c5fb 1054 | 2460 c5fb | 104c 2458 | c5fb 1044 | 2450 4c8b 
  0x0000017174dbd4a0: 5c24 404c | 8b54 2438 | 4c8b 4c24 | 304c 8b44 | 2428 488b | 7c24 2048 | 8b74 2418 | 488b 5424 
  0x0000017174dbd4c0: 1048 8b4c | 2408 488b | 0424 4881 | c4d0 0000 | 00c5 f877 | 4889 4510 | 4883 ec10 | 4889 0424 
  0x0000017174dbd4e0: 48c7 4424 | 0800 0000 | 0041 83bf | c804 0000 | 020f 85bf | 0000 0048 | 81ec 8000 | 0000 4889 
  0x0000017174dbd500: 4424 7848 | 894c 2470 | 4889 5424 | 6848 895c | 2460 4889 | 6c24 5048 | 8974 2448 | 4889 7c24 
  0x0000017174dbd520: 404c 8944 | 2438 4c89 | 4c24 304c | 8954 2428 | 4c89 5c24 | 204c 8964 | 2418 4c89 | 6c24 104c 
  0x0000017174dbd540: 8974 2408 | 4c89 3c24 | 4c8b e448 | 83ec 2048 | 83e4 f048 | b850 b3a6 | 62fa 7f00 | 00ff d049 
  0x0000017174dbd560: 8be4 4c8b | 3c24 4c8b | 7424 084c | 8b6c 2410 | 4c8b 6424 | 184c 8b5c | 2420 4c8b | 5424 284c 
  0x0000017174dbd580: 8b4c 2430 | 4c8b 4424 | 3848 8b7c | 2440 488b | 7424 4848 | 8b6c 2450 | 488b 5c24 | 6048 8b54 
  0x0000017174dbd5a0: 2468 488b | 4c24 7048 | 8b44 2478 | 4881 c480 | 0000 004d | 33e4 488b | 5de8 4c8b | 6b08 4d8d 
  0x0000017174dbd5c0: 6d38 4983 | 7f08 000f | 84bb 0000 | 00e8 0500 | 0000 e996 | 0000 0048 | 8d44 2408 | 4c89 6dc0 
  0x0000017174dbd5e0: 498b cfc5 | f877 4989 | afb0 0300 | 0049 8987 | a003 0000 | 4883 ec20 | 40f6 c40f | 0f84 1900 
  0x0000017174dbd600: 0000 4883 | ec08 48b8 | d0d2 6e62 | fa7f 0000 | ffd0 4883 | c408 e90c | 0000 0048 | b8d0 d26e 
  0x0000017174dbd620: 62fa 7f00 | 00ff d048 | 83c4 2049 | c787 a003 | 0000 0000 | 0000 49c7 | 87b0 0300 | 0000 0000 
  0x0000017174dbd640: 0049 c787 | a803 0000 | 0000 0000 | c5f8 7749 | 837f 0800 | 0f84 0500 | 0000 e961 | 38ff ff4c 
  0x0000017174dbd660: 8b6d c04c | 8b75 c84e | 8d74 f500 | c348 b920 | 8ed3 62fa | 7f00 0048 | 83e4 f048 | b880 b394 
  0x0000017174dbd680: 62fa 7f00 | 00ff d0f4 | 448b 5b28 | 41f6 c320 | 0f84 7901 | 0000 488d | 55a8 4c8b | 5a08 4d85 
  0x0000017174dbd6a0: db0f 85bb | 0000 00e8 | 0500 0000 | e996 0000 | 0048 8d44 | 2408 4c89 | 6dc0 498b | cfc5 f877 
  0x0000017174dbd6c0: 4989 afb0 | 0300 0049 | 8987 a003 | 0000 4883 | ec20 40f6 | c40f 0f84 | 1900 0000 | 4883 ec08 
  0x0000017174dbd6e0: 48b8 00d2 | 6e62 fa7f | 0000 ffd0 | 4883 c408 | e90c 0000 | 0048 b800 | d26e 62fa | 7f00 00ff 
  0x0000017174dbd700: d048 83c4 | 2049 c787 | a003 0000 | 0000 0000 | 49c7 87b0 | 0300 0000 | 0000 0049 | c787 a803 
  0x0000017174dbd720: 0000 0000 | 0000 c5f8 | 7749 837f | 0800 0f84 | 0500 0000 | e987 37ff | ff4c 8b6d | c04c 8b75 
  0x0000017174dbd740: c84e 8d74 | f500 c348 | b920 8ed3 | 62fa 7f00 | 0048 83e4 | f048 b880 | b394 62fa | 7f00 00ff 
  0x0000017174dbd760: d0f4 4c89 | 6dc0 4c8b | 4a08 48c7 | 4208 0000 | 0000 458b | 8718 0600 | 004f 3b4c | 07f8 0f85 
  0x0000017174dbd780: 4900 0000 | 4183 af18 | 0600 0008 | 4f3b 4c07 | f00f 842a | 0000 0049 | 8b01 a802 | 0f85 1200 
  0x0000017174dbd7a0: 0000 4c8b | c049 83c8 | 01f0 4d0f | b101 0f84 | 0d00 0000 | 4183 8718 | 0600 0008 | e90c 0000 
  0x0000017174dbd7c0: 0049 ff8f | 5005 0000 | e93e 0000 | 004c 894a | 0848 8bca | 4883 ec20 | 40f6 c40f | 0f84 1900 
  0x0000017174dbd7e0: 0000 4883 | ec08 48b8 | c0a4 6e62 | fa7f 0000 | ffd0 4883 | c408 e90c | 0000 0048 | b8c0 a46e 
  0x0000017174dbd800: 62fa 7f00 | 00ff d048 | 83c4 204c | 8b6d c049 | ba91 31fd | 62fa 7f00 | 0041 803a | 000f 843e 
  0x0000017174dbd820: 0000 0048 | 8b55 e849 | 8bcf 4883 | ec20 40f6 | c40f 0f84 | 1900 0000 | 4883 ec08 | 48b8 807e 
  0x0000017174dbd840: a662 fa7f | 0000 ffd0 | 4883 c408 | e90c 0000 | 0048 b880 | 7ea6 62fa | 7f00 00ff | d048 83c4 
  0x0000017174dbd860: 2048 8b04 | 2448 83c4 | 10c5 fb10 | 0424 4883 | c410 4c8b | 5d18 41ff | d34c 8b5d | f8c9 5f49 
  0x0000017174dbd880: 8be3 ffe7 | ba00 0000 | 00e8 0500 | 0000 e996 | 0000 0048 | 8d44 2408 | 4c89 6dc0 | 498b cfc5 
  0x0000017174dbd8a0: f877 4989 | afb0 0300 | 0049 8987 | a003 0000 | 4883 ec20 | 40f6 c40f | 0f84 1900 | 0000 4883 
  0x0000017174dbd8c0: ec08 48b8 | 7098 6e62 | fa7f 0000 | ffd0 4883 | c408 e90c | 0000 0048 | b870 986e | 62fa 7f00 
  0x0000017174dbd8e0: 00ff d048 | 83c4 2049 | c787 a003 | 0000 0000 | 0000 49c7 | 87b0 0300 | 0000 0000 | 0049 c787 
  0x0000017174dbd900: a803 0000 | 0000 0000 | c5f8 7749 | 837f 0800 | 0f84 0500 | 0000 e9a5 | 35ff ff4c | 8b6d c04c 
  0x0000017174dbd920: 8b75 c84e | 8d74 f500 | c348 8b5d | e8e9 26f6 | ffff 660f | 1f44 0000 
[/MachCode]

---------------  P R O C E S S  ---------------

Threads class SMR info:
_java_thread_list=0x000001715b1a84a0, length=18, elements={
0x000001716764f660, 0x000001717fa02550, 0x000001717fa031b0, 0x000001717fa08d10,
0x000001717fa09770, 0x000001717fa12790, 0x000001717fa15c90, 0x000001717fa27d20,
0x000001717fa2e470, 0x000001717fa2d000, 0x00000171562a2860, 0x00000171562a3d00,
0x000001717fa2bb90, 0x00000171563b88b0, 0x000001717fa2c930, 0x0000017156a5c790,
0x0000017156a50f20, 0x0000017156a53960
}

Java Threads: ( => current thread )
  0x000001716764f660 JavaThread "main"                              [_thread_blocked, id=58588, stack(0x0000003e6a800000,0x0000003e6a900000) (1024K)]
  0x000001717fa02550 JavaThread "Reference Handler"          daemon [_thread_blocked, id=70756, stack(0x0000003e6b000000,0x0000003e6b100000) (1024K)]
  0x000001717fa031b0 JavaThread "Finalizer"                  daemon [_thread_blocked, id=44480, stack(0x0000003e6b100000,0x0000003e6b200000) (1024K)]
  0x000001717fa08d10 JavaThread "Signal Dispatcher"          daemon [_thread_blocked, id=61032, stack(0x0000003e6b200000,0x0000003e6b300000) (1024K)]
  0x000001717fa09770 JavaThread "Attach Listener"            daemon [_thread_blocked, id=62172, stack(0x0000003e6b300000,0x0000003e6b400000) (1024K)]
  0x000001717fa12790 JavaThread "Service Thread"             daemon [_thread_blocked, id=53336, stack(0x0000003e6b400000,0x0000003e6b500000) (1024K)]
  0x000001717fa15c90 JavaThread "Monitor Deflation Thread"   daemon [_thread_blocked, id=65852, stack(0x0000003e6b500000,0x0000003e6b600000) (1024K)]
  0x000001717fa27d20 JavaThread "C2 CompilerThread0"         daemon [_thread_blocked, id=64380, stack(0x0000003e6b600000,0x0000003e6b700000) (1024K)]
  0x000001717fa2e470 JavaThread "C1 CompilerThread0"         daemon [_thread_blocked, id=55108, stack(0x0000003e6b700000,0x0000003e6b800000) (1024K)]
  0x000001717fa2d000 JavaThread "C1 CompilerThread1"         daemon [_thread_blocked, id=70492, stack(0x0000003e6b800000,0x0000003e6b900000) (1024K)]
  0x00000171562a2860 JavaThread "Notification Thread"        daemon [_thread_blocked, id=62932, stack(0x0000003e6b900000,0x0000003e6ba00000) (1024K)]
  0x00000171562a3d00 JavaThread "Common-Cleaner"             daemon [_thread_blocked, id=56440, stack(0x0000003e6ba00000,0x0000003e6bb00000) (1024K)]
  0x000001717fa2bb90 JavaThread "C1 CompilerThread2"         daemon [_thread_blocked, id=61684, stack(0x0000003e6bb00000,0x0000003e6bc00000) (1024K)]
  0x00000171563b88b0 JavaThread "JavaFX-Launcher"                   [_thread_blocked, id=60776, stack(0x0000003e6bc00000,0x0000003e6bd00000) (1024K)]
  0x000001717fa2c930 JavaThread "C1 CompilerThread3"         daemon [_thread_blocked, id=70856, stack(0x0000003e6be00000,0x0000003e6bf00000) (1024K)]
  0x0000017156a5c790 JavaThread "QuantumRenderer-0"          daemon [_thread_blocked, id=69932, stack(0x0000003e6bd00000,0x0000003e6be00000) (1024K)]
  0x0000017156a50f20 JavaThread "InvokeLaterDispatcher"      daemon [_thread_blocked, id=67884, stack(0x0000003e6c000000,0x0000003e6c100000) (1024K)]
=>0x0000017156a53960 JavaThread "WindowsNativeRunloopThread"        [_thread_in_vm, id=65068, stack(0x0000003e6c100000,0x0000003e6c200000) (1024K)]
Total: 18

Other Threads:
  0x000001717f9e90c0 VMThread "VM Thread"                           [id=45492, stack(0x0000003e6af00000,0x0000003e6b000000) (1024K)]
  0x000001717f9d3cb0 WatcherThread "VM Periodic Task Thread"        [id=59436, stack(0x0000003e6ae00000,0x0000003e6af00000) (1024K)]
  0x0000017169b6a0d0 WorkerThread "GC Thread#0"                     [id=67652, stack(0x0000003e6a900000,0x0000003e6aa00000) (1024K)]
  0x0000017169b798f0 ConcurrentGCThread "G1 Main Marker"            [id=66008, stack(0x0000003e6aa00000,0x0000003e6ab00000) (1024K)]
  0x000001717f8b2560 WorkerThread "G1 Conc#0"                       [id=71016, stack(0x0000003e6ab00000,0x0000003e6ac00000) (1024K)]
  0x000001717f987420 ConcurrentGCThread "G1 Refine#0"               [id=32684, stack(0x0000003e6ac00000,0x0000003e6ad00000) (1024K)]
  0x000001717f987fa0 ConcurrentGCThread "G1 Service"                [id=69084, stack(0x0000003e6ad00000,0x0000003e6ae00000) (1024K)]
Total: 7

Threads with active compile tasks:
Total: 0

VM state: not at safepoint (normal execution)

VM Mutex/Monitor currently owned by a thread: None

Heap address: 0x0000000403000000, size: 16336 MB, Compressed Oops mode: Zero based, Oop shift amount: 3

CDS archive(s) mapped at: [0x0000017115000000-0x0000017115d70000-0x0000017115d70000), size 14090240, SharedBaseAddress: 0x0000017115000000, ArchiveRelocationMode: 1.
Compressed class space mapped at: 0x0000017116000000-0x0000017156000000, reserved size: 1073741824
Narrow klass base: 0x0000017115000000, Narrow klass shift: 0, Narrow klass range: 0x41000000

GC Precious Log:
 CardTable entry size: 512
 Card Set container configuration: InlinePtr #cards 4 size 8 Array Of Cards #cards 64 size 144 Howl #buckets 8 coarsen threshold 14745 Howl Bitmap #cards 2048 size 272 coarsen threshold 1843 Card regions per heap region 1 cards per card region 16384
 CPUs: 24 total, 24 available
 Memory: 65325M
 Large Page Support: Disabled
 NUMA Support: Disabled
 Compressed Oops: Enabled (Zero based)
 Heap Region Size: 8M
 Heap Min Capacity: 8M
 Heap Initial Capacity: 1G
 Heap Max Capacity: 16336M
 Pre-touch: Disabled
 Parallel Workers: 18
 Concurrent Workers: 5
 Concurrent Refinement Workers: 18
 Periodic GC: Disabled

Heap:
 garbage-first heap   total reserved 16728064K, committed 1048576K, used 16384K [0x0000000403000000, 0x0000000800000000)
  region size 8192K, 3 young (24576K), 0 survivors (0K)
 Metaspace       used 4007K, committed 4224K, reserved 1114112K
  class space    used 438K, committed 512K, reserved 1048576K

Heap Regions: E=young(eden), S=young(survivor), O=old, HS=humongous(starts), HC=humongous(continues), CS=collection set, F=free, TAMS=top-at-mark-start, PB=parsable bottom
|   0|0x0000000403000000, 0x0000000403000000, 0x0000000403800000|  0%| F|  |TAMS 0x0000000403000000| PB 0x0000000403000000| Untracked |  0
|   1|0x0000000403800000, 0x0000000403800000, 0x0000000404000000|  0%| F|  |TAMS 0x0000000403800000| PB 0x0000000403800000| Untracked |  0
|   2|0x0000000404000000, 0x0000000404000000, 0x0000000404800000|  0%| F|  |TAMS 0x0000000404000000| PB 0x0000000404000000| Untracked |  0
|   3|0x0000000404800000, 0x0000000404800000, 0x0000000405000000|  0%| F|  |TAMS 0x0000000404800000| PB 0x0000000404800000| Untracked |  0
|   4|0x0000000405000000, 0x0000000405000000, 0x0000000405800000|  0%| F|  |TAMS 0x0000000405000000| PB 0x0000000405000000| Untracked |  0
|   5|0x0000000405800000, 0x0000000405800000, 0x0000000406000000|  0%| F|  |TAMS 0x0000000405800000| PB 0x0000000405800000| Untracked |  0
|   6|0x0000000406000000, 0x0000000406000000, 0x0000000406800000|  0%| F|  |TAMS 0x0000000406000000| PB 0x0000000406000000| Untracked |  0
|   7|0x0000000406800000, 0x0000000406800000, 0x0000000407000000|  0%| F|  |TAMS 0x0000000406800000| PB 0x0000000406800000| Untracked |  0
|   8|0x0000000407000000, 0x0000000407000000, 0x0000000407800000|  0%| F|  |TAMS 0x0000000407000000| PB 0x0000000407000000| Untracked |  0
|   9|0x0000000407800000, 0x0000000407800000, 0x0000000408000000|  0%| F|  |TAMS 0x0000000407800000| PB 0x0000000407800000| Untracked |  0
|  10|0x0000000408000000, 0x0000000408000000, 0x0000000408800000|  0%| F|  |TAMS 0x0000000408000000| PB 0x0000000408000000| Untracked |  0
|  11|0x0000000408800000, 0x0000000408800000, 0x0000000409000000|  0%| F|  |TAMS 0x0000000408800000| PB 0x0000000408800000| Untracked |  0
|  12|0x0000000409000000, 0x0000000409000000, 0x0000000409800000|  0%| F|  |TAMS 0x0000000409000000| PB 0x0000000409000000| Untracked |  0
|  13|0x0000000409800000, 0x0000000409800000, 0x000000040a000000|  0%| F|  |TAMS 0x0000000409800000| PB 0x0000000409800000| Untracked |  0
|  14|0x000000040a000000, 0x000000040a000000, 0x000000040a800000|  0%| F|  |TAMS 0x000000040a000000| PB 0x000000040a000000| Untracked |  0
|  15|0x000000040a800000, 0x000000040a800000, 0x000000040b000000|  0%| F|  |TAMS 0x000000040a800000| PB 0x000000040a800000| Untracked |  0
|  16|0x000000040b000000, 0x000000040b000000, 0x000000040b800000|  0%| F|  |TAMS 0x000000040b000000| PB 0x000000040b000000| Untracked |  0
|  17|0x000000040b800000, 0x000000040b800000, 0x000000040c000000|  0%| F|  |TAMS 0x000000040b800000| PB 0x000000040b800000| Untracked |  0
|  18|0x000000040c000000, 0x000000040c000000, 0x000000040c800000|  0%| F|  |TAMS 0x000000040c000000| PB 0x000000040c000000| Untracked |  0
|  19|0x000000040c800000, 0x000000040c800000, 0x000000040d000000|  0%| F|  |TAMS 0x000000040c800000| PB 0x000000040c800000| Untracked |  0
|  20|0x000000040d000000, 0x000000040d000000, 0x000000040d800000|  0%| F|  |TAMS 0x000000040d000000| PB 0x000000040d000000| Untracked |  0
|  21|0x000000040d800000, 0x000000040d800000, 0x000000040e000000|  0%| F|  |TAMS 0x000000040d800000| PB 0x000000040d800000| Untracked |  0
|  22|0x000000040e000000, 0x000000040e000000, 0x000000040e800000|  0%| F|  |TAMS 0x000000040e000000| PB 0x000000040e000000| Untracked |  0
|  23|0x000000040e800000, 0x000000040e800000, 0x000000040f000000|  0%| F|  |TAMS 0x000000040e800000| PB 0x000000040e800000| Untracked |  0
|  24|0x000000040f000000, 0x000000040f000000, 0x000000040f800000|  0%| F|  |TAMS 0x000000040f000000| PB 0x000000040f000000| Untracked |  0
|  25|0x000000040f800000, 0x000000040f800000, 0x0000000410000000|  0%| F|  |TAMS 0x000000040f800000| PB 0x000000040f800000| Untracked |  0
|  26|0x0000000410000000, 0x0000000410000000, 0x0000000410800000|  0%| F|  |TAMS 0x0000000410000000| PB 0x0000000410000000| Untracked |  0
|  27|0x0000000410800000, 0x0000000410800000, 0x0000000411000000|  0%| F|  |TAMS 0x0000000410800000| PB 0x0000000410800000| Untracked |  0
|  28|0x0000000411000000, 0x0000000411000000, 0x0000000411800000|  0%| F|  |TAMS 0x0000000411000000| PB 0x0000000411000000| Untracked |  0
|  29|0x0000000411800000, 0x0000000411800000, 0x0000000412000000|  0%| F|  |TAMS 0x0000000411800000| PB 0x0000000411800000| Untracked |  0
|  30|0x0000000412000000, 0x0000000412000000, 0x0000000412800000|  0%| F|  |TAMS 0x0000000412000000| PB 0x0000000412000000| Untracked |  0
|  31|0x0000000412800000, 0x0000000412800000, 0x0000000413000000|  0%| F|  |TAMS 0x0000000412800000| PB 0x0000000412800000| Untracked |  0
|  32|0x0000000413000000, 0x0000000413000000, 0x0000000413800000|  0%| F|  |TAMS 0x0000000413000000| PB 0x0000000413000000| Untracked |  0
|  33|0x0000000413800000, 0x0000000413800000, 0x0000000414000000|  0%| F|  |TAMS 0x0000000413800000| PB 0x0000000413800000| Untracked |  0
|  34|0x0000000414000000, 0x0000000414000000, 0x0000000414800000|  0%| F|  |TAMS 0x0000000414000000| PB 0x0000000414000000| Untracked |  0
|  35|0x0000000414800000, 0x0000000414800000, 0x0000000415000000|  0%| F|  |TAMS 0x0000000414800000| PB 0x0000000414800000| Untracked |  0
|  36|0x0000000415000000, 0x0000000415000000, 0x0000000415800000|  0%| F|  |TAMS 0x0000000415000000| PB 0x0000000415000000| Untracked |  0
|  37|0x0000000415800000, 0x0000000415800000, 0x0000000416000000|  0%| F|  |TAMS 0x0000000415800000| PB 0x0000000415800000| Untracked |  0
|  38|0x0000000416000000, 0x0000000416000000, 0x0000000416800000|  0%| F|  |TAMS 0x0000000416000000| PB 0x0000000416000000| Untracked |  0
|  39|0x0000000416800000, 0x0000000416800000, 0x0000000417000000|  0%| F|  |TAMS 0x0000000416800000| PB 0x0000000416800000| Untracked |  0
|  40|0x0000000417000000, 0x0000000417000000, 0x0000000417800000|  0%| F|  |TAMS 0x0000000417000000| PB 0x0000000417000000| Untracked |  0
|  41|0x0000000417800000, 0x0000000417800000, 0x0000000418000000|  0%| F|  |TAMS 0x0000000417800000| PB 0x0000000417800000| Untracked |  0
|  42|0x0000000418000000, 0x0000000418000000, 0x0000000418800000|  0%| F|  |TAMS 0x0000000418000000| PB 0x0000000418000000| Untracked |  0
|  43|0x0000000418800000, 0x0000000418800000, 0x0000000419000000|  0%| F|  |TAMS 0x0000000418800000| PB 0x0000000418800000| Untracked |  0
|  44|0x0000000419000000, 0x0000000419000000, 0x0000000419800000|  0%| F|  |TAMS 0x0000000419000000| PB 0x0000000419000000| Untracked |  0
|  45|0x0000000419800000, 0x0000000419800000, 0x000000041a000000|  0%| F|  |TAMS 0x0000000419800000| PB 0x0000000419800000| Untracked |  0
|  46|0x000000041a000000, 0x000000041a000000, 0x000000041a800000|  0%| F|  |TAMS 0x000000041a000000| PB 0x000000041a000000| Untracked |  0
|  47|0x000000041a800000, 0x000000041a800000, 0x000000041b000000|  0%| F|  |TAMS 0x000000041a800000| PB 0x000000041a800000| Untracked |  0
|  48|0x000000041b000000, 0x000000041b000000, 0x000000041b800000|  0%| F|  |TAMS 0x000000041b000000| PB 0x000000041b000000| Untracked |  0
|  49|0x000000041b800000, 0x000000041b800000, 0x000000041c000000|  0%| F|  |TAMS 0x000000041b800000| PB 0x000000041b800000| Untracked |  0
|  50|0x000000041c000000, 0x000000041c000000, 0x000000041c800000|  0%| F|  |TAMS 0x000000041c000000| PB 0x000000041c000000| Untracked |  0
|  51|0x000000041c800000, 0x000000041c800000, 0x000000041d000000|  0%| F|  |TAMS 0x000000041c800000| PB 0x000000041c800000| Untracked |  0
|  52|0x000000041d000000, 0x000000041d000000, 0x000000041d800000|  0%| F|  |TAMS 0x000000041d000000| PB 0x000000041d000000| Untracked |  0
|  53|0x000000041d800000, 0x000000041d800000, 0x000000041e000000|  0%| F|  |TAMS 0x000000041d800000| PB 0x000000041d800000| Untracked |  0
|  54|0x000000041e000000, 0x000000041e000000, 0x000000041e800000|  0%| F|  |TAMS 0x000000041e000000| PB 0x000000041e000000| Untracked |  0
|  55|0x000000041e800000, 0x000000041e800000, 0x000000041f000000|  0%| F|  |TAMS 0x000000041e800000| PB 0x000000041e800000| Untracked |  0
|  56|0x000000041f000000, 0x000000041f000000, 0x000000041f800000|  0%| F|  |TAMS 0x000000041f000000| PB 0x000000041f000000| Untracked |  0
|  57|0x000000041f800000, 0x000000041f800000, 0x0000000420000000|  0%| F|  |TAMS 0x000000041f800000| PB 0x000000041f800000| Untracked |  0
|  58|0x0000000420000000, 0x0000000420000000, 0x0000000420800000|  0%| F|  |TAMS 0x0000000420000000| PB 0x0000000420000000| Untracked |  0
|  59|0x0000000420800000, 0x0000000420800000, 0x0000000421000000|  0%| F|  |TAMS 0x0000000420800000| PB 0x0000000420800000| Untracked |  0
|  60|0x0000000421000000, 0x0000000421000000, 0x0000000421800000|  0%| F|  |TAMS 0x0000000421000000| PB 0x0000000421000000| Untracked |  0
|  61|0x0000000421800000, 0x0000000421800000, 0x0000000422000000|  0%| F|  |TAMS 0x0000000421800000| PB 0x0000000421800000| Untracked |  0
|  62|0x0000000422000000, 0x0000000422000000, 0x0000000422800000|  0%| F|  |TAMS 0x0000000422000000| PB 0x0000000422000000| Untracked |  0
|  63|0x0000000422800000, 0x0000000422800000, 0x0000000423000000|  0%| F|  |TAMS 0x0000000422800000| PB 0x0000000422800000| Untracked |  0
|  64|0x0000000423000000, 0x0000000423000000, 0x0000000423800000|  0%| F|  |TAMS 0x0000000423000000| PB 0x0000000423000000| Untracked |  0
|  65|0x0000000423800000, 0x0000000423800000, 0x0000000424000000|  0%| F|  |TAMS 0x0000000423800000| PB 0x0000000423800000| Untracked |  0
|  66|0x0000000424000000, 0x0000000424000000, 0x0000000424800000|  0%| F|  |TAMS 0x0000000424000000| PB 0x0000000424000000| Untracked |  0
|  67|0x0000000424800000, 0x0000000424800000, 0x0000000425000000|  0%| F|  |TAMS 0x0000000424800000| PB 0x0000000424800000| Untracked |  0
|  68|0x0000000425000000, 0x0000000425000000, 0x0000000425800000|  0%| F|  |TAMS 0x0000000425000000| PB 0x0000000425000000| Untracked |  0
|  69|0x0000000425800000, 0x0000000425800000, 0x0000000426000000|  0%| F|  |TAMS 0x0000000425800000| PB 0x0000000425800000| Untracked |  0
|  70|0x0000000426000000, 0x0000000426000000, 0x0000000426800000|  0%| F|  |TAMS 0x0000000426000000| PB 0x0000000426000000| Untracked |  0
|  71|0x0000000426800000, 0x0000000426800000, 0x0000000427000000|  0%| F|  |TAMS 0x0000000426800000| PB 0x0000000426800000| Untracked |  0
|  72|0x0000000427000000, 0x0000000427000000, 0x0000000427800000|  0%| F|  |TAMS 0x0000000427000000| PB 0x0000000427000000| Untracked |  0
|  73|0x0000000427800000, 0x0000000427800000, 0x0000000428000000|  0%| F|  |TAMS 0x0000000427800000| PB 0x0000000427800000| Untracked |  0
|  74|0x0000000428000000, 0x0000000428000000, 0x0000000428800000|  0%| F|  |TAMS 0x0000000428000000| PB 0x0000000428000000| Untracked |  0
|  75|0x0000000428800000, 0x0000000428800000, 0x0000000429000000|  0%| F|  |TAMS 0x0000000428800000| PB 0x0000000428800000| Untracked |  0
|  76|0x0000000429000000, 0x0000000429000000, 0x0000000429800000|  0%| F|  |TAMS 0x0000000429000000| PB 0x0000000429000000| Untracked |  0
|  77|0x0000000429800000, 0x0000000429800000, 0x000000042a000000|  0%| F|  |TAMS 0x0000000429800000| PB 0x0000000429800000| Untracked |  0
|  78|0x000000042a000000, 0x000000042a000000, 0x000000042a800000|  0%| F|  |TAMS 0x000000042a000000| PB 0x000000042a000000| Untracked |  0
|  79|0x000000042a800000, 0x000000042a800000, 0x000000042b000000|  0%| F|  |TAMS 0x000000042a800000| PB 0x000000042a800000| Untracked |  0
|  80|0x000000042b000000, 0x000000042b000000, 0x000000042b800000|  0%| F|  |TAMS 0x000000042b000000| PB 0x000000042b000000| Untracked |  0
|  81|0x000000042b800000, 0x000000042b800000, 0x000000042c000000|  0%| F|  |TAMS 0x000000042b800000| PB 0x000000042b800000| Untracked |  0
|  82|0x000000042c000000, 0x000000042c000000, 0x000000042c800000|  0%| F|  |TAMS 0x000000042c000000| PB 0x000000042c000000| Untracked |  0
|  83|0x000000042c800000, 0x000000042c800000, 0x000000042d000000|  0%| F|  |TAMS 0x000000042c800000| PB 0x000000042c800000| Untracked |  0
|  84|0x000000042d000000, 0x000000042d000000, 0x000000042d800000|  0%| F|  |TAMS 0x000000042d000000| PB 0x000000042d000000| Untracked |  0
|  85|0x000000042d800000, 0x000000042d800000, 0x000000042e000000|  0%| F|  |TAMS 0x000000042d800000| PB 0x000000042d800000| Untracked |  0
|  86|0x000000042e000000, 0x000000042e000000, 0x000000042e800000|  0%| F|  |TAMS 0x000000042e000000| PB 0x000000042e000000| Untracked |  0
|  87|0x000000042e800000, 0x000000042e800000, 0x000000042f000000|  0%| F|  |TAMS 0x000000042e800000| PB 0x000000042e800000| Untracked |  0
|  88|0x000000042f000000, 0x000000042f000000, 0x000000042f800000|  0%| F|  |TAMS 0x000000042f000000| PB 0x000000042f000000| Untracked |  0
|  89|0x000000042f800000, 0x000000042f800000, 0x0000000430000000|  0%| F|  |TAMS 0x000000042f800000| PB 0x000000042f800000| Untracked |  0
|  90|0x0000000430000000, 0x0000000430000000, 0x0000000430800000|  0%| F|  |TAMS 0x0000000430000000| PB 0x0000000430000000| Untracked |  0
|  91|0x0000000430800000, 0x0000000430800000, 0x0000000431000000|  0%| F|  |TAMS 0x0000000430800000| PB 0x0000000430800000| Untracked |  0
|  92|0x0000000431000000, 0x0000000431000000, 0x0000000431800000|  0%| F|  |TAMS 0x0000000431000000| PB 0x0000000431000000| Untracked |  0
|  93|0x0000000431800000, 0x0000000431800000, 0x0000000432000000|  0%| F|  |TAMS 0x0000000431800000| PB 0x0000000431800000| Untracked |  0
|  94|0x0000000432000000, 0x0000000432000000, 0x0000000432800000|  0%| F|  |TAMS 0x0000000432000000| PB 0x0000000432000000| Untracked |  0
|  95|0x0000000432800000, 0x0000000432800000, 0x0000000433000000|  0%| F|  |TAMS 0x0000000432800000| PB 0x0000000432800000| Untracked |  0
|  96|0x0000000433000000, 0x0000000433000000, 0x0000000433800000|  0%| F|  |TAMS 0x0000000433000000| PB 0x0000000433000000| Untracked |  0
|  97|0x0000000433800000, 0x0000000433800000, 0x0000000434000000|  0%| F|  |TAMS 0x0000000433800000| PB 0x0000000433800000| Untracked |  0
|  98|0x0000000434000000, 0x0000000434000000, 0x0000000434800000|  0%| F|  |TAMS 0x0000000434000000| PB 0x0000000434000000| Untracked |  0
|  99|0x0000000434800000, 0x0000000434800000, 0x0000000435000000|  0%| F|  |TAMS 0x0000000434800000| PB 0x0000000434800000| Untracked |  0
| 100|0x0000000435000000, 0x0000000435000000, 0x0000000435800000|  0%| F|  |TAMS 0x0000000435000000| PB 0x0000000435000000| Untracked |  0
| 101|0x0000000435800000, 0x0000000435800000, 0x0000000436000000|  0%| F|  |TAMS 0x0000000435800000| PB 0x0000000435800000| Untracked |  0
| 102|0x0000000436000000, 0x0000000436000000, 0x0000000436800000|  0%| F|  |TAMS 0x0000000436000000| PB 0x0000000436000000| Untracked |  0
| 103|0x0000000436800000, 0x0000000436800000, 0x0000000437000000|  0%| F|  |TAMS 0x0000000436800000| PB 0x0000000436800000| Untracked |  0
| 104|0x0000000437000000, 0x0000000437000000, 0x0000000437800000|  0%| F|  |TAMS 0x0000000437000000| PB 0x0000000437000000| Untracked |  0
| 105|0x0000000437800000, 0x0000000437800000, 0x0000000438000000|  0%| F|  |TAMS 0x0000000437800000| PB 0x0000000437800000| Untracked |  0
| 106|0x0000000438000000, 0x0000000438000000, 0x0000000438800000|  0%| F|  |TAMS 0x0000000438000000| PB 0x0000000438000000| Untracked |  0
| 107|0x0000000438800000, 0x0000000438800000, 0x0000000439000000|  0%| F|  |TAMS 0x0000000438800000| PB 0x0000000438800000| Untracked |  0
| 108|0x0000000439000000, 0x0000000439000000, 0x0000000439800000|  0%| F|  |TAMS 0x0000000439000000| PB 0x0000000439000000| Untracked |  0
| 109|0x0000000439800000, 0x0000000439800000, 0x000000043a000000|  0%| F|  |TAMS 0x0000000439800000| PB 0x0000000439800000| Untracked |  0
| 110|0x000000043a000000, 0x000000043a000000, 0x000000043a800000|  0%| F|  |TAMS 0x000000043a000000| PB 0x000000043a000000| Untracked |  0
| 111|0x000000043a800000, 0x000000043a800000, 0x000000043b000000|  0%| F|  |TAMS 0x000000043a800000| PB 0x000000043a800000| Untracked |  0
| 112|0x000000043b000000, 0x000000043b000000, 0x000000043b800000|  0%| F|  |TAMS 0x000000043b000000| PB 0x000000043b000000| Untracked |  0
| 113|0x000000043b800000, 0x000000043b800000, 0x000000043c000000|  0%| F|  |TAMS 0x000000043b800000| PB 0x000000043b800000| Untracked |  0
| 114|0x000000043c000000, 0x000000043c000000, 0x000000043c800000|  0%| F|  |TAMS 0x000000043c000000| PB 0x000000043c000000| Untracked |  0
| 115|0x000000043c800000, 0x000000043c800000, 0x000000043d000000|  0%| F|  |TAMS 0x000000043c800000| PB 0x000000043c800000| Untracked |  0
| 116|0x000000043d000000, 0x000000043d000000, 0x000000043d800000|  0%| F|  |TAMS 0x000000043d000000| PB 0x000000043d000000| Untracked |  0
| 117|0x000000043d800000, 0x000000043d800000, 0x000000043e000000|  0%| F|  |TAMS 0x000000043d800000| PB 0x000000043d800000| Untracked |  0
| 118|0x000000043e000000, 0x000000043e000000, 0x000000043e800000|  0%| F|  |TAMS 0x000000043e000000| PB 0x000000043e000000| Untracked |  0
| 119|0x000000043e800000, 0x000000043e800000, 0x000000043f000000|  0%| F|  |TAMS 0x000000043e800000| PB 0x000000043e800000| Untracked |  0
| 120|0x000000043f000000, 0x000000043f000000, 0x000000043f800000|  0%| F|  |TAMS 0x000000043f000000| PB 0x000000043f000000| Untracked |  0
| 121|0x000000043f800000, 0x000000043f800000, 0x0000000440000000|  0%| F|  |TAMS 0x000000043f800000| PB 0x000000043f800000| Untracked |  0
| 122|0x0000000440000000, 0x0000000440000000, 0x0000000440800000|  0%| F|  |TAMS 0x0000000440000000| PB 0x0000000440000000| Untracked |  0
| 123|0x0000000440800000, 0x0000000440800000, 0x0000000441000000|  0%| F|  |TAMS 0x0000000440800000| PB 0x0000000440800000| Untracked |  0
| 124|0x0000000441000000, 0x0000000441000000, 0x0000000441800000|  0%| F|  |TAMS 0x0000000441000000| PB 0x0000000441000000| Untracked |  0
| 125|0x0000000441800000, 0x0000000441bd9090, 0x0000000442000000| 48%| E|  |TAMS 0x0000000441800000| PB 0x0000000441800000| Complete |  0
| 126|0x0000000442000000, 0x0000000442800000, 0x0000000442800000|100%| E|CS|TAMS 0x0000000442000000| PB 0x0000000442000000| Complete |  0
| 127|0x0000000442800000, 0x0000000443000000, 0x0000000443000000|100%| E|CS|TAMS 0x0000000442800000| PB 0x0000000442800000| Complete |  0

Card table byte_map: [0x0000017100000000,0x0000017101ff0000] _byte_map_base: 0x00000170fdfe8000

Marking Bits: (CMBitMap*) 0x0000017169b6a7e0
 Bits: [0x0000017101ff0000, 0x0000017111f30000)

Polling page: 0x0000017167950000

Metaspace:

Usage:
  Non-class:      3.48 MB used.
      Class:    438.44 KB used.
       Both:      3.91 MB used.

Virtual space:
  Non-class space:       64.00 MB reserved,       3.62 MB (  6%) committed,  1 nodes.
      Class space:        1.00 GB reserved,     512.00 KB ( <1%) committed,  1 nodes.
             Both:        1.06 GB reserved,       4.12 MB ( <1%) committed. 

Chunk freelists:
   Non-Class:  10.79 MB
       Class:  15.51 MB
        Both:  26.30 MB

MaxMetaspaceSize: unlimited
CompressedClassSpaceSize: 1.00 GB
Initial GC threshold: 21.00 MB
Current GC threshold: 21.00 MB
CDS: on
 - commit_granule_bytes: 65536.
 - commit_granule_words: 8192.
 - virtual_space_node_default_size: 8388608.
 - enlarge_chunks_in_place: 1.
 - use_allocation_guard: 0.


Internal statistics:

num_allocs_failed_limit: 0.
num_arena_births: 114.
num_arena_deaths: 0.
num_vsnodes_births: 2.
num_vsnodes_deaths: 0.
num_space_committed: 66.
num_space_uncommitted: 0.
num_chunks_returned_to_freelist: 0.
num_chunks_taken_from_freelist: 193.
num_chunk_merges: 0.
num_chunk_splits: 128.
num_chunks_enlarged: 77.
num_inconsistent_stats: 0.

CodeHeap 'non-profiled nmethods': size=119232Kb used=278Kb max_used=278Kb free=118953Kb
 bounds [0x00000171754f0000, 0x0000017175760000, 0x000001717c960000]
CodeHeap 'profiled nmethods': size=119104Kb used=1303Kb max_used=1303Kb free=117800Kb
 bounds [0x000001716d960000, 0x000001716dbd0000, 0x0000017174db0000]
CodeHeap 'non-nmethods': size=7424Kb used=3100Kb max_used=3114Kb free=4323Kb
 bounds [0x0000017174db0000, 0x00000171750c0000, 0x00000171754f0000]
CodeCache: size=245760Kb, used=4681Kb, max_used=4695Kb, free=241076Kb
 total_blobs=1560, nmethods=1042, adapters=421, full_count=0
Compilation: enabled, stopped_count=0, restarted_count=0

Compilation events (20 events):
Event: 0.796 Thread 0x000001717fa2c930 nmethod 1025 0x000001716daa2b08 code [0x000001716daa2c40, 0x000001716daa2e98]
Event: 0.796 Thread 0x000001717fa2bb90 nmethod 1026 0x000001716daa2f08 code [0x000001716daa3040, 0x000001716daa3238]
Event: 0.796 Thread 0x000001717fa2d000 nmethod 1027 0x000001716daa3288 code [0x000001716daa33c0, 0x000001716daa36d0]
Event: 0.796 Thread 0x000001717fa2e470 nmethod 1028 0x000001716daa3708 code [0x000001716daa3820, 0x000001716daa3988]
Event: 0.797 Thread 0x000001717fa27d20 1030   !   4       java.nio.DirectIntBufferU::get (34 bytes)
Event: 0.797 Thread 0x000001717fa2c930 1031       3       sun.net.www.protocol.jar.Handler::checkNestedProtocol (18 bytes)
Event: 0.797 Thread 0x000001717fa2c930 nmethod 1031 0x000001716daa3a08 code [0x000001716daa3b40, 0x000001716daa3d18]
Event: 0.797 Thread 0x000001717fa27d20 nmethod 1030 0x0000017175534388 code [0x0000017175534480, 0x0000017175534570]
Event: 0.798 Thread 0x000001717fa2e470 1032       3       java.nio.Buffer$2::acquireSession (14 bytes)
Event: 0.798 Thread 0x000001717fa2c930 1033   !   3       java.nio.Buffer$2::releaseSession (28 bytes)
Event: 0.798 Thread 0x000001717fa2e470 nmethod 1032 0x000001716daa3d88 code [0x000001716daa3ee0, 0x000001716daa42d0]
Event: 0.798 Thread 0x000001717fa2c930 nmethod 1033 0x000001716daa4308 code [0x000001716daa4460, 0x000001716daa4938]
Event: 0.836 Thread 0x000001717fa2c930 1034       3       java.util.concurrent.locks.AbstractQueuedSynchronizer::signalNext (34 bytes)
Event: 0.837 Thread 0x000001717fa2d000 1035       3       java.util.concurrent.locks.ReentrantLock$NonfairSync::initialTryLock (58 bytes)
Event: 0.837 Thread 0x000001717fa2c930 nmethod 1034 0x000001716daa4988 code [0x000001716daa4b00, 0x000001716daa4f60]
Event: 0.837 Thread 0x000001717fa2d000 nmethod 1035 0x000001716daa4f88 code [0x000001716daa50e0, 0x000001716daa54c0]
Event: 0.842 Thread 0x000001717fa27d20 1036       4       java.lang.invoke.MemberName::getReferenceKind (12 bytes)
Event: 0.843 Thread 0x000001717fa27d20 nmethod 1036 0x0000017175534988 code [0x0000017175534a80, 0x0000017175534b00]
Event: 0.843 Thread 0x000001717fa2bb90 1041       3       jdk.internal.org.objectweb.asm.SymbolTable::addTypeInternal (85 bytes)
Event: 0.843 Thread 0x000001717fa2bb90 nmethod 1041 0x000001716daa5508 code [0x000001716daa5660, 0x000001716daa5c70]

GC Heap History (0 events):
No events

Dll operation events (20 events):
Event: 0.467 Loaded shared library C:\Users\Gemst\.openjfx\cache\25.0.2+4\amd64\api-ms-win-crt-heap-l1-1-0.dll
Event: 0.475 Loaded shared library C:\Users\Gemst\.openjfx\cache\25.0.2+4\amd64\api-ms-win-crt-locale-l1-1-0.dll
Event: 0.481 Loaded shared library C:\Users\Gemst\.openjfx\cache\25.0.2+4\amd64\api-ms-win-crt-math-l1-1-0.dll
Event: 0.488 Loaded shared library C:\Users\Gemst\.openjfx\cache\25.0.2+4\amd64\api-ms-win-crt-multibyte-l1-1-0.dll
Event: 0.493 Loaded shared library C:\Users\Gemst\.openjfx\cache\25.0.2+4\amd64\api-ms-win-crt-private-l1-1-0.dll
Event: 0.498 Loaded shared library C:\Users\Gemst\.openjfx\cache\25.0.2+4\amd64\api-ms-win-crt-process-l1-1-0.dll
Event: 0.503 Loaded shared library C:\Users\Gemst\.openjfx\cache\25.0.2+4\amd64\api-ms-win-crt-runtime-l1-1-0.dll
Event: 0.509 Loaded shared library C:\Users\Gemst\.openjfx\cache\25.0.2+4\amd64\api-ms-win-crt-stdio-l1-1-0.dll
Event: 0.515 Loaded shared library C:\Users\Gemst\.openjfx\cache\25.0.2+4\amd64\api-ms-win-crt-string-l1-1-0.dll
Event: 0.522 Loaded shared library C:\Users\Gemst\.openjfx\cache\25.0.2+4\amd64\api-ms-win-crt-time-l1-1-0.dll
Event: 0.530 Loaded shared library C:\Users\Gemst\.openjfx\cache\25.0.2+4\amd64\api-ms-win-crt-utility-l1-1-0.dll
Event: 0.558 Loaded shared library C:\Users\Gemst\.openjfx\cache\25.0.2+4\amd64\ucrtbase.dll
Event: 0.566 Loaded shared library C:\Users\Gemst\.openjfx\cache\25.0.2+4\amd64\vcruntime140.dll
Event: 0.573 Loaded shared library C:\Users\Gemst\.openjfx\cache\25.0.2+4\amd64\vcruntime140_1.dll
Event: 0.585 Loaded shared library C:\Users\Gemst\.openjfx\cache\25.0.2+4\amd64\msvcp140.dll
Event: 0.591 Loaded shared library C:\Users\Gemst\.openjfx\cache\25.0.2+4\amd64\msvcp140_1.dll
Event: 0.604 Loaded shared library C:\Users\Gemst\.openjfx\cache\25.0.2+4\amd64\msvcp140_2.dll
Event: 0.686 Loaded shared library C:\Users\Gemst\.openjfx\cache\25.0.2+4\amd64\prism_d3d.dll
Event: 0.788 Loaded shared library C:\Users\Gemst\.openjfx\cache\25.0.2+4\amd64\prism_sw.dll
Event: 0.835 Loaded shared library C:\Users\Gemst\.openjfx\cache\25.0.2+4\amd64\glass.dll

Deoptimization events (18 events):
Event: 0.064 Thread 0x000001716764f660 Uncommon trap: trap_request=0xffffff45 fr.pc=0x00000171754f5c04 relative=0x0000000000000244
Event: 0.064 Thread 0x000001716764f660 Uncommon trap: reason=unstable_if action=reinterpret pc=0x00000171754f5c04 method=jdk.internal.util.ArraysSupport.hashCodeOfUnsigned([BIII)I @ 1 c2
Event: 0.064 Thread 0x000001716764f660 DEOPT PACKING pc=0x00000171754f5c04 sp=0x0000003e6a8fc860
Event: 0.064 Thread 0x000001716764f660 DEOPT UNPACKING pc=0x0000017174e04402 sp=0x0000003e6a8fc7e0 mode 2
Event: 0.613 Thread 0x00000171563b88b0 DEOPT PACKING pc=0x000001716d9b7c8d sp=0x0000003e6bcfa290
Event: 0.613 Thread 0x00000171563b88b0 DEOPT UNPACKING pc=0x0000017174e04b22 sp=0x0000003e6bcf96e0 mode 0
Event: 0.623 Thread 0x0000017156a5c790 Uncommon trap: trap_request=0xffffff6e fr.pc=0x0000017175530eac relative=0x000000000000040c
Event: 0.623 Thread 0x0000017156a5c790 Uncommon trap: reason=loop_limit_check action=maybe_recompile pc=0x0000017175530eac method=java.lang.StringLatin1.indexOf([BI[BII)I @ 37 c2
Event: 0.623 Thread 0x0000017156a5c790 DEOPT PACKING pc=0x0000017175530eac sp=0x0000003e6bdfe1a0
Event: 0.623 Thread 0x0000017156a5c790 DEOPT UNPACKING pc=0x0000017174e04402 sp=0x0000003e6bdfe100 mode 2
Event: 0.789 Thread 0x0000017156a5c790 Uncommon trap: trap_request=0xffffff45 fr.pc=0x000001717551bb40 relative=0x0000000000000040
Event: 0.789 Thread 0x0000017156a5c790 Uncommon trap: reason=unstable_if action=reinterpret pc=0x000001717551bb40 method=java.util.concurrent.locks.AbstractQueuedSynchronizer.signalNext(Ljava/util/concurrent/locks/AbstractQueuedSynchronizer$Node;)V @ 1 c2
Event: 0.789 Thread 0x0000017156a5c790 DEOPT PACKING pc=0x000001717551bb40 sp=0x0000003e6bdff200
Event: 0.789 Thread 0x0000017156a5c790 DEOPT UNPACKING pc=0x0000017174e04402 sp=0x0000003e6bdff198 mode 2
Event: 0.836 Thread 0x00000171563b88b0 Uncommon trap: trap_request=0xffffff45 fr.pc=0x000001717551ad50 relative=0x0000000000000150
Event: 0.836 Thread 0x00000171563b88b0 Uncommon trap: reason=unstable_if action=reinterpret pc=0x000001717551ad50 method=java.util.concurrent.locks.ReentrantLock$NonfairSync.initialTryLock()Z @ 10 c2
Event: 0.836 Thread 0x00000171563b88b0 DEOPT PACKING pc=0x000001717551ad50 sp=0x0000003e6bcfe030
Event: 0.836 Thread 0x00000171563b88b0 DEOPT UNPACKING pc=0x0000017174e04402 sp=0x0000003e6bcfdfd8 mode 2

Classes loaded (20 events):
Event: 0.795 Loading class java/lang/ProcessEnvironment
Event: 0.795 Loading class java/lang/ProcessEnvironment done
Event: 0.796 Loading class java/lang/ProcessEnvironment$NameComparator
Event: 0.796 Loading class java/lang/ProcessEnvironment$NameComparator done
Event: 0.796 Loading class java/lang/ProcessEnvironment$EntryComparator
Event: 0.796 Loading class java/lang/ProcessEnvironment$EntryComparator done
Event: 0.796 Loading class java/lang/ProcessEnvironment$CheckedEntrySet
Event: 0.796 Loading class java/lang/ProcessEnvironment$CheckedEntrySet done
Event: 0.796 Loading class java/lang/ProcessEnvironment$CheckedEntrySet$1
Event: 0.796 Loading class java/lang/ProcessEnvironment$CheckedEntrySet$1 done
Event: 0.796 Loading class java/lang/ProcessEnvironment$CheckedEntry
Event: 0.796 Loading class java/lang/ProcessEnvironment$CheckedEntry done
Event: 0.836 Loading class java/lang/Throwable$WrappedPrintStream
Event: 0.836 Loading class java/lang/Throwable$PrintStreamOrWriter
Event: 0.836 Loading class java/lang/Throwable$PrintStreamOrWriter done
Event: 0.836 Loading class java/lang/Throwable$WrappedPrintStream done
Event: 0.837 Loading class java/util/concurrent/BlockingDeque
Event: 0.837 Loading class java/util/concurrent/BlockingDeque done
Event: 0.838 Loading class java/util/concurrent/LinkedBlockingDeque
Event: 0.842 Loading class java/util/concurrent/LinkedBlockingDeque done

Classes unloaded (0 events):
No events

Classes redefined (0 events):
No events

Internal exceptions (20 events):
Event: 0.499 Thread 0x00000171563b88b0 Exception <a 'sun/nio/fs/WindowsException'{0x0000000442677d30}> (0x0000000442677d30) 
thrown [s\src\hotspot\share\prims\jni.cpp, line 520]
Event: 0.505 Thread 0x00000171563b88b0 Exception <a 'sun/nio/fs/WindowsException'{0x00000004426853a0}> (0x00000004426853a0) 
thrown [s\src\hotspot\share\prims\jni.cpp, line 520]
Event: 0.510 Thread 0x00000171563b88b0 Exception <a 'sun/nio/fs/WindowsException'{0x0000000442692a30}> (0x0000000442692a30) 
thrown [s\src\hotspot\share\prims\jni.cpp, line 520]
Event: 0.516 Thread 0x00000171563b88b0 Exception <a 'sun/nio/fs/WindowsException'{0x000000044269f288}> (0x000000044269f288) 
thrown [s\src\hotspot\share\prims\jni.cpp, line 520]
Event: 0.524 Thread 0x00000171563b88b0 Exception <a 'sun/nio/fs/WindowsException'{0x00000004426ab350}> (0x00000004426ab350) 
thrown [s\src\hotspot\share\prims\jni.cpp, line 520]
Event: 0.531 Thread 0x00000171563b88b0 Exception <a 'sun/nio/fs/WindowsException'{0x00000004426b3fc0}> (0x00000004426b3fc0) 
thrown [s\src\hotspot\share\prims\jni.cpp, line 520]
Event: 0.559 Thread 0x00000171563b88b0 Exception <a 'sun/nio/fs/WindowsException'{0x00000004426bcc60}> (0x00000004426bcc60) 
thrown [s\src\hotspot\share\prims\jni.cpp, line 520]
Event: 0.567 Thread 0x00000171563b88b0 Exception <a 'sun/nio/fs/WindowsException'{0x00000004426cc8c8}> (0x00000004426cc8c8) 
thrown [s\src\hotspot\share\prims\jni.cpp, line 520]
Event: 0.575 Thread 0x00000171563b88b0 Exception <a 'sun/nio/fs/WindowsException'{0x00000004426d6538}> (0x00000004426d6538) 
thrown [s\src\hotspot\share\prims\jni.cpp, line 520]
Event: 0.587 Thread 0x00000171563b88b0 Exception <a 'sun/nio/fs/WindowsException'{0x00000004426e2f20}> (0x00000004426e2f20) 
thrown [s\src\hotspot\share\prims\jni.cpp, line 520]
Event: 0.591 Thread 0x00000171563b88b0 Exception <a 'sun/nio/fs/WindowsException'{0x00000004426ebb88}> (0x00000004426ebb88) 
thrown [s\src\hotspot\share\prims\jni.cpp, line 520]
Event: 0.623 Thread 0x0000017156a5c790 Exception <a 'sun/nio/fs/WindowsException'{0x0000000441815ef8}> (0x0000000441815ef8) 
thrown [s\src\hotspot\share\prims\jni.cpp, line 520]
Event: 0.687 Thread 0x0000017156a5c790 Exception <a 'java/lang/NoSuchFieldError'{0x000000044181ae98}: disableD3D9Ex> (0x000000044181ae98) 
thrown [s\src\hotspot\share\prims\jni.cpp, line 1989]
Event: 0.763 Thread 0x0000017156a5c790 Exception <a 'java/lang/NoSuchFieldError'{0x000000044181ae98}> (0x000000044181ae98) 
thrown [s\src\hotspot\share\oops\instanceKlass.cpp, line 1236]
Event: 0.764 Thread 0x0000017156a5c790 Exception <a 'sun/nio/fs/WindowsException'{0x000000044182dc28}> (0x000000044182dc28) 
thrown [s\src\hotspot\share\prims\jni.cpp, line 520]
Event: 0.790 Thread 0x00000171563b88b0 Exception <a 'java/lang/NoSuchMethodError'{0x00000004419037c0}: 'int java.lang.invoke.DirectMethodHandle$Holder.invokeStaticInit(java.lang.Object, java.lang.Object, java.lang.Object)'> (0x00000004419037c0) 
thrown [s\src\hotspot\share\interpreter\linkResolver.cpp, line 796]
Event: 0.797 Thread 0x00000171563b88b0 Exception <a 'sun/nio/fs/WindowsException'{0x000000044198a050}> (0x000000044198a050) 
thrown [s\src\hotspot\share\prims\jni.cpp, line 520]
Event: 0.836 Thread 0x00000171563b88b0 Exception <a 'java/lang/NoSuchMethodError'{0x000000044198ea60}: notifyThemeChanged> (0x000000044198ea60) 
thrown [s\src\hotspot\share\prims\jni.cpp, line 1077]
Event: 0.843 Thread 0x00000171563b88b0 Exception <a 'java/lang/NoSuchMethodError'{0x000000044199cf08}: 'java.lang.Object java.lang.invoke.DirectMethodHandle$Holder.newInvokeSpecial(java.lang.Object, java.lang.Object, int, java.lang.Object)'> (0x000000044199cf08) 
thrown [s\src\hotspot\share\interpreter\linkResolver.cpp, line 796]
Event: 0.843 Thread 0x00000171563b88b0 Exception <a 'java/lang/NoSuchMethodError'{0x00000004419a0ea8}: 'java.lang.Object java.lang.invoke.DirectMethodHandle$Holder.invokeSpecial(java.lang.Object, java.lang.Object, java.lang.Object, int, java.lang.Object)'> (0x00000004419a0ea8) 
thrown [s\src\hotspot\share\interpreter\linkResolver.cpp, line 796]

VM Operations (6 events):
Event: 0.055 Executing VM operation: HandshakeAllThreads (Deoptimize)
Event: 0.055 Executing VM operation: HandshakeAllThreads (Deoptimize) done
Event: 0.209 Executing VM operation: HandshakeAllThreads (Deoptimize)
Event: 0.209 Executing VM operation: HandshakeAllThreads (Deoptimize) done
Event: 0.795 Executing VM operation: HandshakeAllThreads (Deoptimize)
Event: 0.796 Executing VM operation: HandshakeAllThreads (Deoptimize) done

Memory protections (0 events):
No events

Nmethod flushes (0 events):
No events

Events (20 events):
Event: 0.030 Thread 0x000001716764f660 Thread added: 0x000001717fa031b0
Event: 0.030 Thread 0x000001716764f660 Thread added: 0x000001717fa08d10
Event: 0.030 Thread 0x000001716764f660 Thread added: 0x000001717fa09770
Event: 0.030 Thread 0x000001716764f660 Thread added: 0x000001717fa12790
Event: 0.030 Thread 0x000001716764f660 Thread added: 0x000001717fa15c90
Event: 0.030 Thread 0x000001716764f660 Thread added: 0x000001717fa27d20
Event: 0.030 Thread 0x000001716764f660 Thread added: 0x000001717fa2e470
Event: 0.033 Thread 0x000001717fa2e470 Thread added: 0x000001717fa2d000
Event: 0.044 Thread 0x000001716764f660 Thread added: 0x00000171562a2860
Event: 0.045 Thread 0x000001716764f660 Thread added: 0x00000171562a3d00
Event: 0.050 Thread 0x000001717fa2e470 Thread added: 0x000001717fa2bb90
Event: 0.095 Thread 0x000001716764f660 Thread added: 0x00000171563b88b0
Event: 0.129 Thread 0x000001717fa2d000 Thread added: 0x000001717fa2c260
Event: 0.173 Thread 0x000001717fa2d000 Thread added: 0x000001717fa2c930
Event: 0.177 Thread 0x000001717fa27d20 Thread added: 0x000001717fa2adf0
Event: 0.398 Thread 0x000001717fa2adf0 Thread exited: 0x000001717fa2adf0
Event: 0.408 Thread 0x000001717fa2c260 Thread exited: 0x000001717fa2c260
Event: 0.620 Thread 0x00000171563b88b0 Thread added: 0x0000017156a5c790
Event: 0.842 Thread 0x00000171563b88b0 Thread added: 0x0000017156a50f20
Event: 0.843 Thread 0x00000171563b88b0 Thread added: 0x0000017156a53960


Dynamic libraries:
0x00007ff6c8d00000 - 0x00007ff6c8d0e000 	C:\Users\Gemst\.p2\pool\plugins\org.eclipse.justj.openjdk.hotspot.jre.full.win32.x86_64_23.0.1.v20241024-1700\jre\bin\javaw.exe
0x00007ffb80fe0000 - 0x00007ffb81248000 	C:\WINDOWS\SYSTEM32\ntdll.dll
0x00007ffb80100000 - 0x00007ffb801c9000 	C:\WINDOWS\System32\KERNEL32.DLL
0x00007ffb7e400000 - 0x00007ffb7e7f1000 	C:\WINDOWS\System32\KERNELBASE.dll
0x00007ffb7e2b0000 - 0x00007ffb7e3fb000 	C:\WINDOWS\System32\ucrtbase.dll
0x00007ffb64dd0000 - 0x00007ffb64de7000 	C:\Users\Gemst\.p2\pool\plugins\org.eclipse.justj.openjdk.hotspot.jre.full.win32.x86_64_23.0.1.v20241024-1700\jre\bin\jli.dll
0x00007ffb64db0000 - 0x00007ffb64dce000 	C:\Users\Gemst\.p2\pool\plugins\org.eclipse.justj.openjdk.hotspot.jre.full.win32.x86_64_23.0.1.v20241024-1700\jre\bin\VCRUNTIME140.dll
0x00007ffb80bf0000 - 0x00007ffb80db6000 	C:\WINDOWS\System32\USER32.dll
0x00007ffb7ed50000 - 0x00007ffb7ed77000 	C:\WINDOWS\System32\win32u.dll
0x00007ffb655b0000 - 0x00007ffb65843000 	C:\WINDOWS\WinSxS\amd64_microsoft.windows.common-controls_6595b64144ccf1df_6.0.26100.7824_none_3e0870b2e3345462\COMCTL32.dll
0x00007ffb7eeb0000 - 0x00007ffb7eedb000 	C:\WINDOWS\System32\GDI32.dll
0x00007ffb80370000 - 0x00007ffb80419000 	C:\WINDOWS\System32\msvcrt.dll
0x00007ffb7ea00000 - 0x00007ffb7eb2b000 	C:\WINDOWS\System32\gdi32full.dll
0x00007ffb7ebe0000 - 0x00007ffb7ec83000 	C:\WINDOWS\System32\msvcp_win.dll
0x00007ffb80f60000 - 0x00007ffb80f91000 	C:\WINDOWS\System32\IMM32.DLL
0x00007ffb60110000 - 0x00007ffb6011c000 	C:\Users\Gemst\.p2\pool\plugins\org.eclipse.justj.openjdk.hotspot.jre.full.win32.x86_64_23.0.1.v20241024-1700\jre\bin\vcruntime140_1.dll
0x00007ffb38bb0000 - 0x00007ffb38c3d000 	C:\Users\Gemst\.p2\pool\plugins\org.eclipse.justj.openjdk.hotspot.jre.full.win32.x86_64_23.0.1.v20241024-1700\jre\bin\msvcp140.dll
0x00007ffa62310000 - 0x00007ffa630dd000 	C:\Users\Gemst\.p2\pool\plugins\org.eclipse.justj.openjdk.hotspot.jre.full.win32.x86_64_23.0.1.v20241024-1700\jre\bin\server\jvm.dll
0x00007ffb802b0000 - 0x00007ffb80364000 	C:\WINDOWS\System32\ADVAPI32.dll
0x00007ffb7ffc0000 - 0x00007ffb80066000 	C:\WINDOWS\System32\sechost.dll
0x00007ffb80e30000 - 0x00007ffb80f48000 	C:\WINDOWS\System32\RPCRT4.dll
0x00007ffb80470000 - 0x00007ffb804e4000 	C:\WINDOWS\System32\WS2_32.dll
0x00007ffb7d570000 - 0x00007ffb7d5ce000 	C:\WINDOWS\SYSTEM32\POWRPROF.dll
0x00007ffb78080000 - 0x00007ffb7808b000 	C:\WINDOWS\SYSTEM32\VERSION.dll
0x00007ffb6fcc0000 - 0x00007ffb6fcf5000 	C:\WINDOWS\SYSTEM32\WINMM.dll
0x00007ffb7d550000 - 0x00007ffb7d564000 	C:\WINDOWS\SYSTEM32\UMPDC.dll
0x00007ffb7c620000 - 0x00007ffb7c63b000 	C:\WINDOWS\SYSTEM32\kernel.appcore.dll
0x00007ffb791b0000 - 0x00007ffb791ba000 	C:\Users\Gemst\.p2\pool\plugins\org.eclipse.justj.openjdk.hotspot.jre.full.win32.x86_64_23.0.1.v20241024-1700\jre\bin\jimage.dll
0x00007ffb6d520000 - 0x00007ffb6d762000 	C:\WINDOWS\SYSTEM32\DBGHELP.DLL
0x00007ffb7f3c0000 - 0x00007ffb7f746000 	C:\WINDOWS\System32\combase.dll
0x00007ffb801d0000 - 0x00007ffb802a7000 	C:\WINDOWS\System32\OLEAUT32.dll
0x00007ffb58590000 - 0x00007ffb585cb000 	C:\WINDOWS\SYSTEM32\dbgcore.DLL
0x00007ffb7eb30000 - 0x00007ffb7ebd5000 	C:\WINDOWS\System32\bcryptPrimitives.dll
0x00007ffb60420000 - 0x00007ffb6043e000 	C:\Users\Gemst\.p2\pool\plugins\org.eclipse.justj.openjdk.hotspot.jre.full.win32.x86_64_23.0.1.v20241024-1700\jre\bin\java.dll
0x00007ffb805c0000 - 0x00007ffb80757000 	C:\WINDOWS\System32\ole32.dll
0x00007ffb7f760000 - 0x00007ffb7feb2000 	C:\WINDOWS\System32\SHELL32.dll
0x00007ffb7e800000 - 0x00007ffb7e96a000 	C:\WINDOWS\System32\wintypes.dll
0x00007ffb7d8c0000 - 0x00007ffb7e123000 	C:\WINDOWS\System32\windows.storage.dll
0x00007ffb7fec0000 - 0x00007ffb7ffb6000 	C:\WINDOWS\System32\SHCORE.dll
0x00007ffb80dc0000 - 0x00007ffb80e27000 	C:\WINDOWS\System32\shlwapi.dll
0x00007ffb7d7e0000 - 0x00007ffb7d809000 	C:\WINDOWS\SYSTEM32\profapi.dll
0x00007ffb60400000 - 0x00007ffb60417000 	C:\Users\Gemst\.p2\pool\plugins\org.eclipse.justj.openjdk.hotspot.jre.full.win32.x86_64_23.0.1.v20241024-1700\jre\bin\zip.dll
0x00007ffb791a0000 - 0x00007ffb791b0000 	C:\Users\Gemst\.p2\pool\plugins\org.eclipse.justj.openjdk.hotspot.jre.full.win32.x86_64_23.0.1.v20241024-1700\jre\bin\net.dll
0x00007ffb7cb70000 - 0x00007ffb7cbdb000 	C:\WINDOWS\system32\mswsock.dll
0x00007ffb603e0000 - 0x00007ffb603f6000 	C:\Users\Gemst\.p2\pool\plugins\org.eclipse.justj.openjdk.hotspot.jre.full.win32.x86_64_23.0.1.v20241024-1700\jre\bin\nio.dll
0x0000017114e70000 - 0x0000017114e73000 	C:\Users\Gemst\.openjfx\cache\25.0.2+4\amd64\api-ms-win-core-console-l1-1-0.dll
0x0000017114e80000 - 0x0000017114e83000 	C:\Users\Gemst\.openjfx\cache\25.0.2+4\amd64\api-ms-win-core-console-l1-2-0.dll
0x0000017114e90000 - 0x0000017114e93000 	C:\Users\Gemst\.openjfx\cache\25.0.2+4\amd64\api-ms-win-core-datetime-l1-1-0.dll
0x0000017114ea0000 - 0x0000017114ea3000 	C:\Users\Gemst\.openjfx\cache\25.0.2+4\amd64\api-ms-win-core-debug-l1-1-0.dll
0x0000017114eb0000 - 0x0000017114eb3000 	C:\Users\Gemst\.openjfx\cache\25.0.2+4\amd64\api-ms-win-core-errorhandling-l1-1-0.dll
0x0000017114ec0000 - 0x0000017114ec4000 	C:\Users\Gemst\.openjfx\cache\25.0.2+4\amd64\api-ms-win-core-file-l1-1-0.dll
0x0000017114ed0000 - 0x0000017114ed3000 	C:\Users\Gemst\.openjfx\cache\25.0.2+4\amd64\api-ms-win-core-file-l1-2-0.dll
0x0000017114ee0000 - 0x0000017114ee3000 	C:\Users\Gemst\.openjfx\cache\25.0.2+4\amd64\api-ms-win-core-file-l2-1-0.dll
0x0000017114ef0000 - 0x0000017114ef3000 	C:\Users\Gemst\.openjfx\cache\25.0.2+4\amd64\api-ms-win-core-handle-l1-1-0.dll
0x0000017114f00000 - 0x0000017114f03000 	C:\Users\Gemst\.openjfx\cache\25.0.2+4\amd64\api-ms-win-core-heap-l1-1-0.dll
0x0000017114f10000 - 0x0000017114f13000 	C:\Users\Gemst\.openjfx\cache\25.0.2+4\amd64\api-ms-win-core-interlocked-l1-1-0.dll
0x0000017114f20000 - 0x0000017114f23000 	C:\Users\Gemst\.openjfx\cache\25.0.2+4\amd64\api-ms-win-core-libraryloader-l1-1-0.dll
0x0000017114f30000 - 0x0000017114f33000 	C:\Users\Gemst\.openjfx\cache\25.0.2+4\amd64\api-ms-win-core-localization-l1-2-0.dll
0x0000017114f40000 - 0x0000017114f43000 	C:\Users\Gemst\.openjfx\cache\25.0.2+4\amd64\api-ms-win-core-memory-l1-1-0.dll
0x0000017114f50000 - 0x0000017114f53000 	C:\Users\Gemst\.openjfx\cache\25.0.2+4\amd64\api-ms-win-core-namedpipe-l1-1-0.dll
0x0000017114f60000 - 0x0000017114f63000 	C:\Users\Gemst\.openjfx\cache\25.0.2+4\amd64\api-ms-win-core-processenvironment-l1-1-0.dll
0x0000017114f70000 - 0x0000017114f73000 	C:\Users\Gemst\.openjfx\cache\25.0.2+4\amd64\api-ms-win-core-processthreads-l1-1-0.dll
0x0000017114f80000 - 0x0000017114f83000 	C:\Users\Gemst\.openjfx\cache\25.0.2+4\amd64\api-ms-win-core-processthreads-l1-1-1.dll
0x0000017114f90000 - 0x0000017114f93000 	C:\Users\Gemst\.openjfx\cache\25.0.2+4\amd64\api-ms-win-core-profile-l1-1-0.dll
0x0000017114fa0000 - 0x0000017114fa3000 	C:\Users\Gemst\.openjfx\cache\25.0.2+4\amd64\api-ms-win-core-rtlsupport-l1-1-0.dll
0x0000017114fb0000 - 0x0000017114fb3000 	C:\Users\Gemst\.openjfx\cache\25.0.2+4\amd64\api-ms-win-core-string-l1-1-0.dll
0x0000017114fc0000 - 0x0000017114fc3000 	C:\Users\Gemst\.openjfx\cache\25.0.2+4\amd64\api-ms-win-core-synch-l1-1-0.dll
0x0000017114fd0000 - 0x0000017114fd3000 	C:\Users\Gemst\.openjfx\cache\25.0.2+4\amd64\api-ms-win-core-synch-l1-2-0.dll
0x0000017114fe0000 - 0x0000017114fe3000 	C:\Users\Gemst\.openjfx\cache\25.0.2+4\amd64\api-ms-win-core-sysinfo-l1-1-0.dll
0x0000017114ff0000 - 0x0000017114ff3000 	C:\Users\Gemst\.openjfx\cache\25.0.2+4\amd64\api-ms-win-core-timezone-l1-1-0.dll
0x0000017156c00000 - 0x0000017156c03000 	C:\Users\Gemst\.openjfx\cache\25.0.2+4\amd64\api-ms-win-core-util-l1-1-0.dll
0x0000017156c10000 - 0x0000017156c13000 	C:\Users\Gemst\.openjfx\cache\25.0.2+4\amd64\api-ms-win-crt-conio-l1-1-0.dll
0x0000017156c20000 - 0x0000017156c24000 	C:\Users\Gemst\.openjfx\cache\25.0.2+4\amd64\api-ms-win-crt-convert-l1-1-0.dll
0x0000017156c30000 - 0x0000017156c33000 	C:\Users\Gemst\.openjfx\cache\25.0.2+4\amd64\api-ms-win-crt-environment-l1-1-0.dll
0x0000017156c40000 - 0x0000017156c43000 	C:\Users\Gemst\.openjfx\cache\25.0.2+4\amd64\api-ms-win-crt-filesystem-l1-1-0.dll
0x0000017156c50000 - 0x0000017156c53000 	C:\Users\Gemst\.openjfx\cache\25.0.2+4\amd64\api-ms-win-crt-heap-l1-1-0.dll
0x0000017156c60000 - 0x0000017156c63000 	C:\Users\Gemst\.openjfx\cache\25.0.2+4\amd64\api-ms-win-crt-locale-l1-1-0.dll
0x0000017156c70000 - 0x0000017156c75000 	C:\Users\Gemst\.openjfx\cache\25.0.2+4\amd64\api-ms-win-crt-math-l1-1-0.dll
0x0000017156c80000 - 0x0000017156c85000 	C:\Users\Gemst\.openjfx\cache\25.0.2+4\amd64\api-ms-win-crt-multibyte-l1-1-0.dll
0x0000017156c90000 - 0x0000017156ca0000 	C:\Users\Gemst\.openjfx\cache\25.0.2+4\amd64\api-ms-win-crt-private-l1-1-0.dll
0x0000017156ca0000 - 0x0000017156ca3000 	C:\Users\Gemst\.openjfx\cache\25.0.2+4\amd64\api-ms-win-crt-process-l1-1-0.dll
0x0000017156cb0000 - 0x0000017156cb4000 	C:\Users\Gemst\.openjfx\cache\25.0.2+4\amd64\api-ms-win-crt-runtime-l1-1-0.dll
0x0000017156cc0000 - 0x0000017156cc4000 	C:\Users\Gemst\.openjfx\cache\25.0.2+4\amd64\api-ms-win-crt-stdio-l1-1-0.dll
0x0000017156cd0000 - 0x0000017156cd4000 	C:\Users\Gemst\.openjfx\cache\25.0.2+4\amd64\api-ms-win-crt-string-l1-1-0.dll
0x0000017156ce0000 - 0x0000017156ce3000 	C:\Users\Gemst\.openjfx\cache\25.0.2+4\amd64\api-ms-win-crt-time-l1-1-0.dll
0x0000017156cf0000 - 0x0000017156cf3000 	C:\Users\Gemst\.openjfx\cache\25.0.2+4\amd64\api-ms-win-crt-utility-l1-1-0.dll
0x00007ffb23c40000 - 0x00007ffb23d3c000 	C:\Users\Gemst\.openjfx\cache\25.0.2+4\amd64\ucrtbase.dll
0x00007ffb5fee0000 - 0x00007ffb5fefa000 	C:\Users\Gemst\.openjfx\cache\25.0.2+4\amd64\vcruntime140.dll
0x00007ffb60100000 - 0x00007ffb6010c000 	C:\Users\Gemst\.openjfx\cache\25.0.2+4\amd64\vcruntime140_1.dll
0x00007ffb242a0000 - 0x00007ffb2432d000 	C:\Users\Gemst\.openjfx\cache\25.0.2+4\amd64\msvcp140.dll
0x00007ffb5f640000 - 0x00007ffb5f649000 	C:\Users\Gemst\.openjfx\cache\25.0.2+4\amd64\msvcp140_1.dll
0x00007ffb54e50000 - 0x00007ffb54e7f000 	C:\Users\Gemst\.openjfx\cache\25.0.2+4\amd64\msvcp140_2.dll
0x00007ffb3ca20000 - 0x00007ffb3ca4a000 	C:\Users\Gemst\.openjfx\cache\25.0.2+4\amd64\prism_d3d.dll
0x00007ffb2c400000 - 0x00007ffb2c5b3000 	C:\WINDOWS\system32\d3d9.dll
0x00007ffb7b760000 - 0x00007ffb7b791000 	C:\WINDOWS\SYSTEM32\dwmapi.dll
0x00007ffb7b4b0000 - 0x00007ffb7b4f4000 	C:\WINDOWS\SYSTEM32\dxcore.dll
0x00007ffb7b3b0000 - 0x00007ffb7b45b000 	C:\WINDOWS\system32\uxtheme.dll
0x00007ffb75d50000 - 0x00007ffb75e14000 	C:\WINDOWS\System32\DriverStore\FileRepository\nv_dispi.inf_amd64_4646b47d9477048e\nvldumdx.dll
0x00007ffb7cfc0000 - 0x00007ffb7cfd3000 	C:\WINDOWS\SYSTEM32\msasn1.dll
0x00007ffb768b0000 - 0x00007ffb768eb000 	C:\WINDOWS\SYSTEM32\cryptnet.dll
0x00007ffb7e130000 - 0x00007ffb7e2a7000 	C:\WINDOWS\System32\CRYPT32.dll
0x00007ffb7cdc0000 - 0x00007ffb7cdcc000 	C:\WINDOWS\SYSTEM32\cryptbase.dll
0x00007ffb7ce60000 - 0x00007ffb7cec9000 	C:\WINDOWS\SYSTEM32\wldp.dll
0x00007ffb76300000 - 0x00007ffb7647a000 	C:\WINDOWS\SYSTEM32\drvstore.dll
0x00007ffb7d470000 - 0x00007ffb7d49d000 	C:\WINDOWS\SYSTEM32\devobj.dll
0x00007ffb7d4a0000 - 0x00007ffb7d4f7000 	C:\WINDOWS\SYSTEM32\cfgmgr32.dll
0x00007ffb7e970000 - 0x00007ffb7e9f2000 	C:\WINDOWS\System32\wintrust.dll
0x00007ffb7ee80000 - 0x00007ffb7eea0000 	C:\WINDOWS\System32\imagehlp.dll
0x00007ffb7cf60000 - 0x00007ffb7cf7b000 	C:\WINDOWS\SYSTEM32\CRYPTSP.dll
0x00007ffb7c580000 - 0x00007ffb7c5b9000 	C:\WINDOWS\system32\rsaenh.dll
0x00007ffb7d7b0000 - 0x00007ffb7d7da000 	C:\WINDOWS\SYSTEM32\bcrypt.dll
0x00007ffb6ff90000 - 0x00007ffb74c8f000 	C:\WINDOWS\System32\DriverStore\FileRepository\nv_dispi.inf_amd64_4646b47d9477048e\nvgpucomp64.dll
0x00007ffb6c380000 - 0x00007ffb6c4b0000 	C:\WINDOWS\System32\DriverStore\FileRepository\nv_dispi.inf_amd64_4646b47d9477048e\NvMemMapStoragex.dll
0x00007ffaa95a0000 - 0x00007ffaab8c3000 	C:\WINDOWS\System32\DriverStore\FileRepository\nv_dispi.inf_amd64_4646b47d9477048e\nvd3dumx.dll
0x00007ffb77610000 - 0x00007ffb77673000 	C:\WINDOWS\SYSTEM32\directxdatabasehelper.dll
0x00007ffb5a040000 - 0x00007ffb5a052000 	C:\Users\Gemst\.openjfx\cache\25.0.2+4\amd64\prism_sw.dll
0x00007ffb232d0000 - 0x00007ffb23312000 	C:\Users\Gemst\.openjfx\cache\25.0.2+4\amd64\glass.dll
0x00007ffb7ed80000 - 0x00007ffb7ee6f000 	C:\WINDOWS\System32\COMDLG32.dll
0x00007ffb7f1d0000 - 0x00007ffb7f32f000 	C:\WINDOWS\System32\MSCTF.dll

dbghelp: loaded successfully - version: 4.0.5 - missing functions: none
symbol engine: initialized successfully - sym options: 0x614 - pdb path: .;C:\Users\Gemst\.p2\pool\plugins\org.eclipse.justj.openjdk.hotspot.jre.full.win32.x86_64_23.0.1.v20241024-1700\jre\bin;C:\WINDOWS\SYSTEM32;C:\WINDOWS\WinSxS\amd64_microsoft.windows.common-controls_6595b64144ccf1df_6.0.26100.7824_none_3e0870b2e3345462;C:\Users\Gemst\.p2\pool\plugins\org.eclipse.justj.openjdk.hotspot.jre.full.win32.x86_64_23.0.1.v20241024-1700\jre\bin\server;C:\Users\Gemst\.openjfx\cache\25.0.2+4\amd64;C:\WINDOWS\System32\DriverStore\FileRepository\nv_dispi.inf_amd64_4646b47d9477048e

VM Arguments:
jvm_args: -Dfile.encoding=UTF-8 -Dstdout.encoding=UTF-8 -Dstderr.encoding=UTF-8 -XX:+ShowCodeDetailsInExceptionMessages 
java_command: Launcher
java_class_path (initial): C:\Users\Gemst\OneDrive\Java\Java\weatherGenerator2\target\classes;C:\Users\Gemst\OneDrive\Java\Java\javafx\javafx.base.jar;C:\Users\Gemst\OneDrive\Java\Java\javafx\javafx.controls.jar;C:\Users\Gemst\OneDrive\Java\Java\javafx\javafx.fxml.jar;C:\Users\Gemst\OneDrive\Java\Java\javafx\javafx.graphics.jar;C:\Users\Gemst\OneDrive\Java\Java\javafx\javafx.media.jar;C:\Users\Gemst\OneDrive\Java\Java\javafx\javafx.swing.jar;C:\Users\Gemst\OneDrive\Java\Java\javafx\javafx.web.jar;C:\Users\Gemst\OneDrive\Java\Java\javafx\javafx-swt.jar;C:\Users\Gemst\OneDrive\Java\Java\javafx\jdk.jsobject.jar;C:\Users\Gemst\OneDrive\Java\Java\javafx\jfx.incubator.input.jar;C:\Users\Gemst\OneDrive\Java\Java\javafx\jfx.incubator.richtext.jar;C:\Users\Gemst\.m2\repository\org\openjfx\javafx-controls\17.0.6\javafx-controls-17.0.6.jar;C:\Users\Gemst\.m2\repository\org\openjfx\javafx-controls\17.0.6\javafx-controls-17.0.6-win.jar;C:\Users\Gemst\.m2\repository\org\openjfx\javafx-graphics\17.0.6\javafx-graphics-17.0.6.jar;C:\Users\Gemst\.m2\repository\org\openjfx\javafx-graphics\17.0.6\javafx-graphics-17.0.6-win.jar;C:\Users\Gemst\.m2\repository\org\openjfx\javafx-base\17.0.6\javafx-base-17.0.6.jar;C:\Users\Gemst\.m2\repository\org\openjfx\javafx-base\17.0.6\javafx-base-17.0.6-win.jar;C:\Users\Gemst\.m2\repository\org\openjfx\javafx-fxml\17.0.6\javafx-fxml-17.0.6.jar;C:\Users\Gemst\.m2\repository\org\openjfx\javafx-fxml\17.0.6\javafx-fxml-17.0.6-win.jar
Launcher Type: SUN_STANDARD

[Global flags]
     intx CICompilerCount                          = 12                                        {product} {ergonomic}
     uint ConcGCThreads                            = 5                                         {product} {ergonomic}
     uint G1ConcRefinementThreads                  = 18                                        {product} {ergonomic}
   size_t G1HeapRegionSize                         = 8388608                                   {product} {ergonomic}
   size_t InitialHeapSize                          = 1073741824                                {product} {ergonomic}
   size_t MarkStackSize                            = 4194304                                   {product} {ergonomic}
   size_t MarkStackSizeMax                         = 536870912                                 {product} {ergonomic}
   size_t MaxHeapSize                              = 17129537536                               {product} {ergonomic}
   size_t MaxNewSize                               = 10276044800                               {product} {ergonomic}
   size_t MinHeapDeltaBytes                        = 8388608                                   {product} {ergonomic}
   size_t MinHeapSize                              = 8388608                                   {product} {ergonomic}
    uintx NonNMethodCodeHeapSize                   = 7602176                                {pd product} {ergonomic}
    uintx NonProfiledCodeHeapSize                  = 122093568                              {pd product} {ergonomic}
    uintx ProfiledCodeHeapSize                     = 121962496                              {pd product} {ergonomic}
    uintx ReservedCodeCacheSize                    = 251658240                              {pd product} {ergonomic}
     bool SegmentedCodeCache                       = true                                      {product} {ergonomic}
     bool ShowCodeDetailsInExceptionMessages       = true                                   {manageable} {command line}
   size_t SoftMaxHeapSize                          = 17129537536                            {manageable} {ergonomic}
     bool UseCompressedOops                        = true                           {product lp64_product} {ergonomic}
     bool UseG1GC                                  = true                                      {product} {ergonomic}
     bool UseLargePagesIndividualAllocation        = false                                  {pd product} {ergonomic}

Logging:
Log output configuration:
 #0: stdout all=warning uptime,level,tags foldmultilines=false
 #1: stderr all=off uptime,level,tags foldmultilines=false

Environment Variables:
PATH=C:/Users/Gemst/.p2/pool/plugins/org.eclipse.justj.openjdk.hotspot.jre.full.win32.x86_64_23.0.1.v20241024-1700/jre/bin/server;C:/Users/Gemst/.p2/pool/plugins/org.eclipse.justj.openjdk.hotspot.jre.full.win32.x86_64_23.0.1.v20241024-1700/jre/bin;C:\Program Files (x86)\Razer Chroma SDK\bin;C:\Program Files\Razer Chroma SDK\bin;C:\Program Files (x86)\Common Files\Oracle\Java\java8path;C:\Program Files (x86)\Common Files\Oracle\Java\javapath;C:\Program Files (x86)\Razer\ChromaBroadcast\bin;C:\Program Files\Razer\ChromaBroadcast\bin;C:\Windows\system32;C:\Windows;C:\Windows\System32\Wbem;C:\Windows\System32\WindowsPowerShell\v1.0\;C:\Windows\System32\OpenSSH\;C:\Windows\system32\config\systemprofile\AppData\Local\Microsoft\WindowsApps;C:\Program Files\dotnet\;C:\Program Files (x86)\NVIDIA Corporation\PhysX\Common;C:\Program Files\Git\cmd;C:\Program Files\NVIDIA Corporation\NVIDIA App\NvDLISR;;%SystemRoot%\system32;%SystemRoot%;%SystemRoot%\System32\Wbem;%SYSTEMROOT%\System32\WindowsPowerShell\v1.0\;%SYSTEMROOT%\System32\OpenSSH\;C:\Users\Gemst\AppData\Local\Programs\Python\Launcher\;C:\Users\Gemst\AppData\Local\Microsoft\WindowsApps;C:\Users\Gemst\AppData\Local\GitHubDesktop\bin;C:\Users\Gemst\AppData\Local\Programs\Microsoft VS Code\bin;;C:\WINDOWS\System32;
USERNAME=Gemst
OS=Windows_NT
PROCESSOR_IDENTIFIER=Intel64 Family 6 Model 183 Stepping 1, GenuineIntel
TMP=C:\Users\Gemst\AppData\Local\Temp
TEMP=C:\Users\Gemst\AppData\Local\Temp




Periodic native trim disabled

---------------  S Y S T E M  ---------------

OS:
 Windows 11 , 64 bit Build 26100 (10.0.26100.7705)
OS uptime: 5 days 20:35 hours
Hyper-V role detected

CPU: total 24 (initial active 24) (12 cores per cpu, 2 threads per core) family 6 model 183 stepping 1 microcode 0x12f, cx8, cmov, fxsr, ht, mmx, 3dnowpref, sse, sse2, sse3, ssse3, sse4.1, sse4.2, popcnt, lzcnt, tsc, tscinvbit, avx, avx2, aes, erms, clmul, bmi1, bmi2, adx, sha, fma, vzeroupper, clflush, clflushopt, clwb, hv, serialize, rdtscp, rdpid, fsrm, gfni, f16c, cet_ibt, cet_ss
Processor Information for the first 24 processors :
  Max Mhz: 3400, Current Mhz: 3400, Mhz Limit: 3400

Memory: 4k page, system-wide physical 65325M (18301M free)
TotalPageFile size 82276M (AvailPageFile size 3819M)
current process WorkingSet (physical memory assigned to process): 86M, peak: 86M
current process commit charge ("private bytes"): 1182M, peak: 1182M

vm_info: OpenJDK 64-Bit Server VM (23.0.1+11) for windows-amd64 JRE (23.0.1+11), built on 2024-10-15T00:00:00Z with MS VC++ 17.7 (VS2022)

END.
